Jul 12 07:40:19 novaler4kse kern.info kernel: Chip Version Info: CHIP_8188E_Normal_Chip_TSMC_UNKNOWN_CUT(10)_1T1R_RomVer(0)
Jul 12 07:40:19 novaler4kse kern.info kernel: usbcore: registered new interface driver r8188eu
Jul 12 07:40:19 novaler4kse daemon.info kernel: udevd[1409]: starting version 3.2.14
Jul 12 07:40:19 novaler4kse daemon.info kernel: udevd[1424]: starting eudev-3.2.14
Jul 12 07:40:19 novaler4kse kern.info kernel: IPv6: ADDRCONF(NETDEV_UP): eth0: link is not ready
Jul 12 07:40:19 novaler4kse kern.info kernel: hieth f9c30000.hieth eth0: Link is Up - 100Mbps/Full - flow control rx/tx
Jul 12 07:40:19 novaler4kse kern.info kernel: IPv6: ADDRCONF(NETDEV_CHANGE): eth0: link becomes ready
Jul 12 07:40:19 novaler4kse kern.info kernel: EXT4-fs (sda1): mounted filesystem with ordered data mode. Opts: (null)
Jul 12 07:40:20 novaler4kse daemon.info avahi-daemon[2543]: Server startup complete. Host name is novaler4kse.local. Local service cookie is 1729576839.
Jul 12 07:40:20 novaler4kse daemon.info avahi-daemon[2543]: Service "FTP file server on novaler4kse" (/services/ftp.service) successfully established.
Jul 12 07:40:25 novaler4kse kern.warn kernel: UDF-fs: warning (device mmcblk0p1): udf_fill_super: No partition found (2)
Jul 12 07:40:25 novaler4kse user.err mount.exfat-fuse: exFAT file system is not found
Jul 12 07:40:25 novaler4kse kern.warn kernel: UDF-fs: warning (device mmcblk0p1): udf_fill_super: No partition found (2)
Jul 12 07:40:25 novaler4kse kern.info kernel: yaffs: dev is 187695105 name is "mmcblk0p1" rw
Jul 12 07:40:25 novaler4kse kern.info kernel: yaffs: passed flags ""
Jul 12 07:40:25 novaler4kse kern.debug kernel: yaffs: yaffs: Attempting MTD mount of 179.1,"mmcblk0p1"
Jul 12 07:40:25 novaler4kse kern.debug kernel: yaffs: yaffs: MTD device 1 either not valid or unavailable
Jul 12 07:40:25 novaler4kse kern.info kernel: yaffs: dev is 187695105 name is "mmcblk0p1" rw
Jul 12 07:40:25 novaler4kse kern.info kernel: yaffs: passed flags ""
Jul 12 07:40:25 novaler4kse kern.debug kernel: yaffs: yaffs: Attempting MTD mount of 179.1,"mmcblk0p1"
Jul 12 07:40:25 novaler4kse kern.debug kernel: yaffs: yaffs: MTD device 1 either not valid or unavailable
Jul 12 07:40:25 novaler4kse kern.info kernel: tntfs info (device mmcblk0p1, pid 2677): ntfs_fill_super(): fail_safe is enabled.
Jul 12 07:40:25 novaler4kse kern.warn kernel: UDF-fs: warning (device mmcblk0p3): udf_fill_super: No partition found (2)
Jul 12 07:40:25 novaler4kse user.err mount.exfat-fuse: exFAT file system is not found
Jul 12 07:40:25 novaler4kse kern.warn kernel: UDF-fs: warning (device mmcblk0p3): udf_fill_super: No partition found (2)
Jul 12 07:40:25 novaler4kse kern.info kernel: yaffs: dev is 187695107 name is "mmcblk0p3" rw
Jul 12 07:40:25 novaler4kse kern.info kernel: yaffs: passed flags ""
Jul 12 07:40:25 novaler4kse kern.debug kernel: yaffs: yaffs: Attempting MTD mount of 179.3,"mmcblk0p3"
Jul 12 07:40:25 novaler4kse kern.debug kernel: yaffs: yaffs: MTD device 3 either not valid or unavailable
Jul 12 07:40:25 novaler4kse kern.info kernel: yaffs: dev is 187695107 name is "mmcblk0p3" rw
Jul 12 07:40:25 novaler4kse kern.info kernel: yaffs: passed flags ""
Jul 12 07:40:25 novaler4kse kern.debug kernel: yaffs: yaffs: Attempting MTD mount of 179.3,"mmcblk0p3"
Jul 12 07:40:25 novaler4kse kern.debug kernel: yaffs: yaffs: MTD device 3 either not valid or unavailable
Jul 12 07:40:25 novaler4kse kern.info kernel: tntfs info (device mmcblk0p3, pid 2716): ntfs_fill_super(): fail_safe is enabled.
Jul 12 07:40:51 novaler4kse daemon.info chronyd[2205]: Selected source 139.84.231.68 (pool.ntp.org)
Jul 12 07:40:51 novaler4kse daemon.warn chronyd[2205]: System clock wrong by 16.633724 seconds
Jul 12 07:41:08 novaler4kse daemon.warn chronyd[2205]: System clock was stepped by 16.633724 seconds
Jul 12 07:41:17 novaler4kse authpriv.info crond[2807]: pam_unix(crond:session): session opened for user root(uid=0) by (uid=0)
Jul 12 07:41:17 novaler4kse authpriv.info crond[2808]: pam_unix(crond:session): session opened for user root(uid=0) by (uid=0)
Jul 12 07:41:17 novaler4kse cron.info CROND[2810]: (root) CMD (/usr/script/khaled_picon_live.sh > /dev/null 2>&1)
Jul 12 07:41:17 novaler4kse cron.info CROND[2809]: (root) CMD (/usr/script/khaled_watcher.sh)
Jul 12 07:41:17 novaler4kse cron.info CROND[2807]: (root) CMDOUT (/bin/sh: line 1: /usr/script/khaled_watcher.sh: Permission denied)
Jul 12 07:41:17 novaler4kse cron.info CROND[2808]: (root) CMDEND (/usr/script/khaled_picon_live.sh > /dev/null 2>&1)
Jul 12 07:41:17 novaler4kse cron.info CROND[2807]: (root) CMDEND (/usr/script/khaled_watcher.sh)
Jul 12 07:41:17 novaler4kse authpriv.info CROND[2808]: pam_unix(crond:session): session closed for user root
Jul 12 07:41:17 novaler4kse authpriv.info CROND[2807]: pam_unix(crond:session): session closed for user root
Jul 12 07:42:00 novaler4kse authpriv.info crond[2819]: pam_unix(crond:session): session opened for user root(uid=0) by (uid=0)
Jul 12 07:42:00 novaler4kse authpriv.info crond[2820]: pam_unix(crond:session): session opened for user root(uid=0) by (uid=0)
Jul 12 07:42:00 novaler4kse cron.info CROND[2822]: (root) CMD (/usr/script/khaled_picon_live.sh > /dev/null 2>&1)
Jul 12 07:42:00 novaler4kse cron.info CROND[2821]: (root) CMD (/usr/script/khaled_watcher.sh)
Jul 12 07:42:00 novaler4kse cron.info CROND[2819]: (root) CMDOUT (/bin/sh: line 1: /usr/script/khaled_watcher.sh: Permission denied)
Jul 12 07:42:00 novaler4kse cron.info CROND[2819]: (root) CMDEND (/usr/script/khaled_watcher.sh)
Jul 12 07:42:00 novaler4kse authpriv.info CROND[2819]: pam_unix(crond:session): session closed for user root
Jul 12 07:42:00 novaler4kse cron.info CROND[2820]: (root) CMDEND (/usr/script/khaled_picon_live.sh > /dev/null 2>&1)
Jul 12 07:42:00 novaler4kse authpriv.info CROND[2820]: pam_unix(crond:session): session closed for user root
Jul 12 07:43:00 novaler4kse authpriv.info crond[2824]: pam_unix(crond:session): session opened for user root(uid=0) by (uid=0)
Jul 12 07:43:00 novaler4kse authpriv.info crond[2825]: pam_unix(crond:session): session opened for user root(uid=0) by (uid=0)
Jul 12 07:43:00 novaler4kse cron.info CROND[2827]: (root) CMD (/usr/script/khaled_watcher.sh)
Jul 12 07:43:00 novaler4kse cron.info CROND[2826]: (root) CMD (/usr/script/khaled_picon_live.sh > /dev/null 2>&1)
Jul 12 07:43:00 novaler4kse cron.info CROND[2824]: (root) CMDOUT (/bin/sh: line 1: /usr/script/khaled_watcher.sh: Permission denied)
Jul 12 07:43:00 novaler4kse cron.info CROND[2824]: (root) CMDEND (/usr/script/khaled_watcher.sh)
Jul 12 07:43:00 novaler4kse authpriv.info CROND[2824]: pam_unix(crond:session): session closed for user root
Jul 12 07:43:00 novaler4kse cron.info CROND[2825]: (root) CMDEND (/usr/script/khaled_picon_live.sh > /dev/null 2>&1)
Jul 12 07:43:00 novaler4kse authpriv.info CROND[2825]: pam_unix(crond:session): session closed for user root
Jul 12 07:43:48 novaler4kse authpriv.info login[2829]: pam_unix(login:session): session opened for user root(uid=0) by LOGIN(uid=0)
Jul 12 07:43:48 novaler4kse authpriv.notice login[2833]: ROOT LOGIN  on '/dev/pts/0' from '[::ffff:192.168.1.14]:46337'
Jul 12 07:44:00 novaler4kse authpriv.info crond[2837]: pam_unix(crond:session): session opened for user root(uid=0) by (uid=0)
Jul 12 07:44:00 novaler4kse authpriv.info crond[2838]: pam_unix(crond:session): session opened for user root(uid=0) by (uid=0)
Jul 12 07:44:00 novaler4kse cron.info CROND[2840]: (root) CMD (/usr/script/khaled_watcher.sh)
Jul 12 07:44:00 novaler4kse cron.info CROND[2839]: (root) CMD (/usr/script/khaled_picon_live.sh > /dev/null 2>&1)
Jul 12 07:44:00 novaler4kse cron.info CROND[2837]: (root) CMDOUT (/bin/sh: line 1: /usr/script/khaled_watcher.sh: Permission denied)
Jul 12 07:44:00 novaler4kse cron.info CROND[2837]: (root) CMDEND (/usr/script/khaled_watcher.sh)
Jul 12 07:44:00 novaler4kse authpriv.info CROND[2837]: pam_unix(crond:session): session closed for user root
Jul 12 07:44:00 novaler4kse cron.info CROND[2838]: (root) CMDEND (/usr/script/khaled_picon_live.sh > /dev/null 2>&1)
Jul 12 07:44:00 novaler4kse authpriv.info CROND[2838]: pam_unix(crond:session): session closed for user root
Jul 12 07:45:00 novaler4kse authpriv.info crond[2845]: pam_unix(crond:session): session opened for user root(uid=0) by (uid=0)
Jul 12 07:45:00 novaler4kse authpriv.info crond[2846]: pam_unix(crond:session): session opened for user root(uid=0) by (uid=0)
Jul 12 07:45:00 novaler4kse cron.info CROND[2847]: (root) CMD (/usr/script/khaled_watcher.sh)
Jul 12 07:45:00 novaler4kse cron.info CROND[2848]: (root) CMD (/usr/script/khaled_picon_live.sh > /dev/null 2>&1)
Jul 12 07:45:00 novaler4kse cron.info CROND[2845]: (root) CMDOUT (/bin/sh: line 1: /usr/script/khaled_watcher.sh: Permission denied)
Jul 12 07:45:00 novaler4kse cron.info CROND[2845]: (root) CMDEND (/usr/script/khaled_watcher.sh)
Jul 12 07:45:00 novaler4kse authpriv.info CROND[2845]: pam_unix(crond:session): session closed for user root
Jul 12 07:45:00 novaler4kse cron.info CROND[2846]: (root) CMDEND (/usr/script/khaled_picon_live.sh > /dev/null 2>&1)
Jul 12 07:45:00 novaler4kse authpriv.info CROND[2846]: pam_unix(crond:session): session closed for user root
Jul 12 07:46:00 novaler4kse authpriv.info crond[2852]: pam_unix(crond:session): session opened for user root(uid=0) by (uid=0)
Jul 12 07:46:00 novaler4kse authpriv.info crond[2853]: pam_unix(crond:session): session opened for user root(uid=0) by (uid=0)
Jul 12 07:46:00 novaler4kse cron.info CROND[2855]: (root) CMD (/usr/script/khaled_picon_live.sh > /dev/null 2>&1)
Jul 12 07:46:00 novaler4kse cron.info CROND[2854]: (root) CMD (/usr/script/khaled_watcher.sh)
Jul 12 07:46:00 novaler4kse cron.info CROND[2853]: (root) CMDEND (/usr/script/khaled_picon_live.sh > /dev/null 2>&1)
Jul 12 07:46:00 novaler4kse authpriv.info CROND[2853]: pam_unix(crond:session): session closed for user root
Jul 12 07:46:00 novaler4kse cron.info CROND[2852]: (root) CMDOUT (/bin/sh: line 1: /usr/script/khaled_watcher.sh: Permission denied)
Jul 12 07:46:00 novaler4kse cron.info CROND[2852]: (root) CMDEND (/usr/script/khaled_watcher.sh)
Jul 12 07:46:00 novaler4kse authpriv.info CROND[2852]: pam_unix(crond:session): session closed for user root
Jul 12 07:46:47 novaler4kse user.notice shutdown[2871]: shutting down for system reboot
Jul 12 07:46:47 novaler4kse daemon.info init: Switching to runlevel: 6
Jul 12 07:46:47 novaler4kse authpriv.info dropbear[2256]: Early exit: Terminated by signal
Jul 12 07:46:48 novaler4kse daemon.info chronyd[2205]: chronyd exiting
Jul 12 07:46:48 novaler4kse daemon.notice rpc.mountd[2283]: Caught signal 15, un-registering and exiting.
Jul 12 07:46:48 novaler4kse kern.warn kernel: nfsd: last server has exited, flushing export cache
Jul 12 07:46:49 novaler4kse daemon.info avahi-daemon[2543]: Got SIGTERM, quitting.
Jul 12 07:46:49 novaler4kse daemon.info avahi-daemon[2543]: Leaving mDNS multicast group on interface eth0.IPv4 with address 192.168.1.12.
Jul 12 07:46:49 novaler4kse daemon.info avahi-daemon[2543]: Leaving mDNS multicast group on interface lo.IPv6 with address ::1.
Jul 12 07:46:49 novaler4kse daemon.info avahi-daemon[2543]: Leaving mDNS multicast group on interface lo.IPv4 with address 127.0.0.1.
Jul 12 07:46:49 novaler4kse daemon.info avahi-daemon[2543]: avahi-daemon 0.8 exiting.
Jul 12 07:46:49 novaler4kse user.info astra[2432]: [main] shutting down
Jul 12 07:46:50 novaler4kse syslog.info syslogd exiting
Jul 12 07:46:59 novaler4kse syslog.info syslogd started: BusyBox v1.37.0
Jul 12 07:46:59 novaler4kse user.info astra[2436]: [pipe_xfrm Abertis PID 2534 #1] process started (pid = 2535)
Jul 12 07:46:59 novaler4kse user.info astra[2436]: [pipe_xfrm Abertis PID 3701 #1] process started (pid = 2536)
Jul 12 07:46:59 novaler4kse user.info astra[2436]: [pipe_xfrm Abertis PID 8000 #1] process started (pid = 2537)
Jul 12 07:46:59 novaler4kse user.info astra[2436]: [pipe_xfrm Abertis PID 8001 #1] process started (pid = 2540)
Jul 12 07:46:59 novaler4kse user.info astra[2436]: [pipe_xfrm Abertis PID 8002 #1] process started (pid = 2541)
Jul 12 07:46:59 novaler4kse user.info astra[2436]: [pipe_xfrm Abertis PID 8003 #1] process started (pid = 2542)
Jul 12 07:46:59 novaler4kse user.info astra[2436]: [pipe_xfrm Abertis PID 8004 #1] process started (pid = 2545)
Jul 12 07:46:59 novaler4kse kern.notice kernel: klogd started: BusyBox v1.37.0 ()
Jul 12 07:46:59 novaler4kse user.info astra[2436]: [pipe_xfrm Abertis PID 8005 #1] process started (pid = 2546)
Jul 12 07:47:00 novaler4kse kern.info kernel: Booting Linux on physical CPU 0x0
Jul 12 07:47:00 novaler4kse kern.notice kernel: Linux version 4.4.35 (openATV@www.opena.tv) (gcc version 15.2.0 (GCC) ) #1 SMP Wed Jun 29 13:36:49 UTC 2022
Jul 12 07:47:00 novaler4kse kern.info kernel: CPU: ARMv7 Processor [410fd034] revision 4 (ARMv7), cr=10c5383d
Jul 12 07:47:00 novaler4kse kern.info kernel: CPU: PIPT / VIPT nonaliasing data cache, VIPT aliasing instruction cache
Jul 12 07:47:00 novaler4kse kern.notice kernel: initmrd: found no initmrd.
Jul 12 07:47:00 novaler4kse kern.info kernel: Machine model: Hisilicon
Jul 12 07:47:00 novaler4kse kern.info kernel: cma: Reserved 60 MiB at 0x35800000
Jul 12 07:47:00 novaler4kse kern.info kernel: cma: Reserved 4 MiB at 0x3a400000
Jul 12 07:47:00 novaler4kse kern.info kernel: Memory policy: Data cache writealloc
Jul 12 07:47:00 novaler4kse kern.debug kernel: -------------Fixed IO Mapping----------
Jul 12 07:47:00 novaler4kse kern.debug kernel: Virt,            Phys,             Size
Jul 12 07:47:00 novaler4kse kern.debug kernel: 0xF9000000,    0xF8000000,    0x02000000
Jul 12 07:47:00 novaler4kse kern.debug kernel: --------------------------------------
Jul 12 07:47:00 novaler4kse kern.debug kernel: On node 0 totalpages: 239872
Jul 12 07:47:00 novaler4kse kern.debug kernel: free_area_init_node: node 0, pgdat c0bb8400, node_mem_map dfca1000
Jul 12 07:47:00 novaler4kse kern.debug kernel:   Normal zone: 1032 pages used for memmap
Jul 12 07:47:00 novaler4kse kern.debug kernel:   Normal zone: 0 pages reserved
Jul 12 07:47:00 novaler4kse kern.debug kernel:   Normal zone: 132096 pages, LIFO batch:31
Jul 12 07:47:00 novaler4kse kern.debug kernel:   HighMem zone: 107776 pages, LIFO batch:31
Jul 12 07:47:00 novaler4kse kern.info kernel: PERCPU: Embedded 13 pages/cpu @dfc5d000 s22604 r8192 d22452 u53248
Jul 12 07:47:00 novaler4kse kern.debug kernel: pcpu-alloc: s22604 r8192 d22452 u53248 alloc=13*4096
Jul 12 07:47:00 novaler4kse kern.debug kernel: pcpu-alloc: [0] 0 [0] 1 [0] 2 [0] 3 
Jul 12 07:47:00 novaler4kse kern.info kernel: Built 1 zonelists in Zone order, mobility grouping on.  Total pages: 238840
Jul 12 07:47:00 novaler4kse kern.notice kernel: Kernel command line: root=/dev/mmcblk0p23 rootsubdir=linuxrootfs1 rootfstype=ext4 kernel=/dev/mmcblk0p19 console=ttyAMA0,115200 blkdevparts=mmcblk0:1M(fastboot),1M(bootargs),18M(recovery),2M(bootoptions),2M(deviceinfo),4M(basepa
Jul 12 07:47:00 novaler4kse kern.info kernel: log_buf_len individual max cpu contribution: 4096 bytes
Jul 12 07:47:00 novaler4kse kern.info kernel: log_buf_len total cpu_extra contributions: 12288 bytes
Jul 12 07:47:00 novaler4kse kern.info kernel: log_buf_len min size: 16384 bytes
Jul 12 07:47:00 novaler4kse kern.info kernel: log_buf_len: 32768 bytes
Jul 12 07:47:00 novaler4kse kern.info kernel: early log buf free: 14176(86%)
Jul 12 07:47:00 novaler4kse kern.info kernel: PID hash table entries: 2048 (order: 1, 8192 bytes)
Jul 12 07:47:00 novaler4kse kern.info kernel: Dentry cache hash table entries: 65536 (order: 6, 262144 bytes)
Jul 12 07:47:00 novaler4kse kern.info kernel: Inode-cache hash table entries: 32768 (order: 5, 131072 bytes)
Jul 12 07:47:00 novaler4kse kern.info kernel: Memory: 862868K/959488K available (8047K kernel code, 672K rwdata, 2156K rodata, 556K init, 522K bss, 31084K reserved, 65536K cma-reserved, 355316K highmem)
Jul 12 07:47:00 novaler4kse kern.notice kernel: Virtual kernel memory layout:
Jul 12 07:47:00 novaler4kse kern.notice kernel:     vector  : 0xffff0000 - 0xffff1000   (   4 kB)
Jul 12 07:47:00 novaler4kse kern.notice kernel:     fixmap  : 0xffc00000 - 0xfff00000   (3072 kB)
Jul 12 07:47:00 novaler4kse kern.notice kernel:     vmalloc : 0xe0800000 - 0xff800000   ( 496 MB)
Jul 12 07:47:00 novaler4kse kern.notice kernel:     lowmem  : 0xc0000000 - 0xe0400000   ( 516 MB)
Jul 12 07:47:00 novaler4kse kern.notice kernel:     pkmap   : 0xbfe00000 - 0xc0000000   (   2 MB)
Jul 12 07:47:00 novaler4kse kern.notice kernel:     modules : 0xbf000000 - 0xbfe00000   (  14 MB)
Jul 12 07:47:00 novaler4kse kern.notice kernel:       .text : 0xc0008000 - 0xc07e41ac   (8049 kB)
Jul 12 07:47:00 novaler4kse kern.notice kernel:       .init : 0xc0a99000 - 0xc0b24000   ( 556 kB)
Jul 12 07:47:00 novaler4kse kern.notice kernel:       .data : 0xc0b24000 - 0xc0bcc3b4   ( 673 kB)
Jul 12 07:47:00 novaler4kse kern.notice kernel:        .bss : 0xc0bce000 - 0xc0c50980   ( 523 kB)
Jul 12 07:47:00 novaler4kse kern.info kernel: SLUB: HWalign=64, Order=0-3, MinObjects=0, CPUs=4, Nodes=1
Jul 12 07:47:00 novaler4kse kern.info kernel: Hierarchical RCU implementation.
Jul 12 07:47:00 novaler4kse kern.info kernel: 	Build-time adjustment of leaf fanout to 32.
Jul 12 07:47:00 novaler4kse kern.info kernel: NR_IRQS:352
Jul 12 07:47:00 novaler4kse kern.info kernel: clocksource: hisp804: mask: 0xffffffff max_cycles: 0xffffffff, max_idle_ns: 79635851949 ns
Jul 12 07:47:00 novaler4kse kern.info kernel: sched_clock: 32 bits at 24MHz, resolution 41ns, wraps every 89478484971ns
Jul 12 07:47:00 novaler4kse kern.info kernel: Console: colour dummy device 80x30
Jul 12 07:47:00 novaler4kse kern.info kernel: Calibrating delay loop... 3170.30 BogoMIPS (lpj=1585152)
Jul 12 07:47:00 novaler4kse kern.info kernel: pid_max: default: 32768 minimum: 301
Jul 12 07:47:00 novaler4kse kern.info kernel: Mount-cache hash table entries: 1024 (order: 0, 4096 bytes)
Jul 12 07:47:00 novaler4kse kern.info kernel: Mountpoint-cache hash table entries: 1024 (order: 0, 4096 bytes)
Jul 12 07:47:00 novaler4kse kern.info kernel: CPU: Testing write buffer coherency: ok
Jul 12 07:47:00 novaler4kse kern.info kernel: ftrace: allocating 26212 entries in 77 pages
Jul 12 07:47:00 novaler4kse kern.info kernel: CPU0: update cpu_capacity 1024
Jul 12 07:47:00 novaler4kse kern.info kernel: CPU0: thread -1, cpu 0, socket 0, mpidr 80000000
Jul 12 07:47:00 novaler4kse kern.info kernel: Setting up static identity map for 0x8280 - 0x82d8
Jul 12 07:47:00 novaler4kse kern.warn kernel: CPU: hi3798mv200
Jul 12 07:47:00 novaler4kse kern.debug kernel: CPU1: powerup
Jul 12 07:47:00 novaler4kse kern.info kernel: CPU1: update cpu_capacity 1024
Jul 12 07:47:00 novaler4kse kern.info kernel: CPU1: thread -1, cpu 1, socket 0, mpidr 80000001
Jul 12 07:47:00 novaler4kse kern.debug kernel: CPU2: powerup
Jul 12 07:47:00 novaler4kse kern.info kernel: CPU2: update cpu_capacity 1024
Jul 12 07:47:00 novaler4kse kern.info kernel: CPU2: thread -1, cpu 2, socket 0, mpidr 80000002
Jul 12 07:47:00 novaler4kse kern.debug kernel: CPU3: powerup
Jul 12 07:47:00 novaler4kse kern.info kernel: CPU3: update cpu_capacity 1024
Jul 12 07:47:00 novaler4kse kern.info kernel: CPU3: thread -1, cpu 3, socket 0, mpidr 80000003
Jul 12 07:47:00 novaler4kse kern.info kernel: Brought up 4 CPUs
Jul 12 07:47:00 novaler4kse kern.info kernel: SMP: Total of 4 processors activated (12681.21 BogoMIPS).
Jul 12 07:47:00 novaler4kse kern.info kernel: CPU: All CPU(s) started in SVC mode.
Jul 12 07:47:00 novaler4kse kern.info kernel: CPU3: update max cpu_capacity 1024
Jul 12 07:47:00 novaler4kse kern.info kernel: devtmpfs: initialized
Jul 12 07:47:00 novaler4kse kern.info kernel: VFP support v0.3: implementor 41 architecture 3 part 40 variant 3 rev 4
Jul 12 07:47:00 novaler4kse kern.info kernel: clocksource: jiffies: mask: 0xffffffff max_cycles: 0xffffffff, max_idle_ns: 1911260446275000 ns
Jul 12 07:47:00 novaler4kse kern.warn kernel: PCIe read alloc area phyaddr 08  size 00000000
Jul 12 07:47:00 novaler4kse kern.warn kernel: PCIe write alloc area phyaddr 08  size 00000000
Jul 12 07:47:00 novaler4kse kern.info kernel: NET: Registered protocol family 16
Jul 12 07:47:00 novaler4kse kern.info kernel: DMA: preallocated 256 KiB pool for atomic coherent allocations
Jul 12 07:47:00 novaler4kse kern.info kernel: CPU1: update max cpu_capacity 1024
Jul 12 07:47:00 novaler4kse kern.info kernel: hw-breakpoint: found 5 (+1 reserved) breakpoint and 4 watchpoint registers.
Jul 12 07:47:00 novaler4kse kern.info kernel: hw-breakpoint: maximum watchpoint size is 8 bytes.
Jul 12 07:47:00 novaler4kse kern.info kernel: Serial: AMBA PL011 UART driver
Jul 12 07:47:00 novaler4kse kern.info kernel: f8b00000.uart: ttyAMA0 at MMIO 0xf8b00000 (irq = 25, base_baud = 0) is a PL011 rev2
Jul 12 07:47:00 novaler4kse kern.info kernel: console [ttyAMA0] enabled
Jul 12 07:47:00 novaler4kse kern.info kernel: f8b02000.uart: ttyAMA1 at MMIO 0xf8b02000 (irq = 26, base_baud = 0) is a PL011 rev2
Jul 12 07:47:00 novaler4kse kern.info kernel: f8b03000.uart: ttyAMA2 at MMIO 0xf8b03000 (irq = 27, base_baud = 0) is a PL011 rev2
Jul 12 07:47:00 novaler4kse kern.info kernel: pl061_gpio f8b20000.gpio0: PL061 GPIO chip @0xf8b20000 registered
Jul 12 07:47:00 novaler4kse kern.info kernel: pl061_gpio f8b21000.gpio1: PL061 GPIO chip @0xf8b21000 registered
Jul 12 07:47:00 novaler4kse kern.info kernel: pl061_gpio f8b22000.gpio2: PL061 GPIO chip @0xf8b22000 registered
Jul 12 07:47:00 novaler4kse kern.info kernel: pl061_gpio f8b23000.gpio3: PL061 GPIO chip @0xf8b23000 registered
Jul 12 07:47:00 novaler4kse kern.info kernel: pl061_gpio f8b24000.gpio4: PL061 GPIO chip @0xf8b24000 registered
Jul 12 07:47:00 novaler4kse kern.info kernel: pl061_gpio f8004000.gpio5: PL061 GPIO chip @0xf8004000 registered
Jul 12 07:47:00 novaler4kse kern.info kernel: pl061_gpio f8b26000.gpio6: PL061 GPIO chip @0xf8b26000 registered
Jul 12 07:47:00 novaler4kse kern.info kernel: pl061_gpio f8b27000.gpio7: PL061 GPIO chip @0xf8b27000 registered
Jul 12 07:47:00 novaler4kse kern.info kernel: pl061_gpio f8b28000.gpio8: PL061 GPIO chip @0xf8b28000 registered
Jul 12 07:47:00 novaler4kse kern.info kernel: pl061_gpio f8b29000.gpio9: PL061 GPIO chip @0xf8b29000 registered
Jul 12 07:47:00 novaler4kse kern.warn kernel: hisilicon-pcie: probe of f0001000.pcie failed with error -1
Jul 12 07:47:00 novaler4kse kern.info kernel: hisi_iommu_ptable_addr:phy 0x1e800000    size:0x400000
Jul 12 07:47:00 novaler4kse kern.info kernel: hisi_iommu_err_rdaddr :phy 0x1f747400    size:0x200
Jul 12 07:47:00 novaler4kse kern.info kernel: hisi_iommu_err_wraddr :phy 0x1f747600     size:0x200
Jul 12 07:47:00 novaler4kse kern.info kernel: in hisi_iommu_domain_init start 
Jul 12 07:47:00 novaler4kse kern.info kernel: in hisi_iommu_domain_init end 
Jul 12 07:47:00 novaler4kse kern.info kernel: vgaarb: loaded
Jul 12 07:47:00 novaler4kse kern.notice kernel: SCSI subsystem initialized
Jul 12 07:47:00 novaler4kse kern.debug kernel: libata version 3.00 loaded.
Jul 12 07:47:00 novaler4kse kern.info kernel: ssp-pl022 f8b1a000.spi: ARM PL022 driver, device ID: 0x00041022
Jul 12 07:47:00 novaler4kse kern.info kernel: ssp-pl022 f8b1a000.spi: mapped registers from 0xf8b1a000 to f9b1a000
Jul 12 07:47:00 novaler4kse kern.info kernel: spi_master spi0: will run message pump with realtime priority
Jul 12 07:47:00 novaler4kse kern.info kernel: usbcore: registered new interface driver usbfs
Jul 12 07:47:00 novaler4kse kern.info kernel: usbcore: registered new interface driver hub
Jul 12 07:47:00 novaler4kse kern.info kernel: usbcore: registered new device driver usb
Jul 12 07:47:00 novaler4kse kern.info kernel: media: Linux media interface: v0.10
Jul 12 07:47:00 novaler4kse kern.info kernel: Linux video capture interface: v2.00
Jul 12 07:47:00 novaler4kse kern.info kernel: Advanced Linux Sound Architecture Driver Initialized.
Jul 12 07:47:00 novaler4kse kern.info kernel: clocksource: Switched to clocksource hisp804
Jul 12 07:47:00 novaler4kse kern.notice kernel: FS-Cache: Loaded
Jul 12 07:47:00 novaler4kse kern.info kernel: NET: Registered protocol family 2
Jul 12 07:47:00 novaler4kse kern.info kernel: TCP established hash table entries: 4096 (order: 2, 16384 bytes)
Jul 12 07:47:00 novaler4kse kern.info kernel: TCP bind hash table entries: 4096 (order: 3, 32768 bytes)
Jul 12 07:47:00 novaler4kse kern.info kernel: TCP: Hash tables configured (established 4096 bind 4096)
Jul 12 07:47:00 novaler4kse kern.info kernel: UDP hash table entries: 256 (order: 1, 8192 bytes)
Jul 12 07:47:00 novaler4kse kern.info kernel: UDP-Lite hash table entries: 256 (order: 1, 8192 bytes)
Jul 12 07:47:00 novaler4kse user.info astra[2436]: [pipe_xfrm Abertis PID 8006 #1] process started (pid = 2549)
Jul 12 07:47:00 novaler4kse user.info astra[2436]: [pipe_xfrm Abertis PID 8008 #1] process started (pid = 2550)
Jul 12 07:47:00 novaler4kse user.info astra[2436]: [pipe_xfrm Abertis PID 8009 #1] process started (pid = 2551)
Jul 12 07:47:00 novaler4kse daemon.info avahi-daemon[2548]: Found user 'avahi' (UID 995) and group 'avahi' (GID 994).
Jul 12 07:47:00 novaler4kse daemon.info avahi-daemon[2548]: Successfully dropped root privileges.
Jul 12 07:47:00 novaler4kse daemon.info avahi-daemon[2548]: avahi-daemon 0.8 starting up.
Jul 12 07:47:00 novaler4kse kern.info kernel: NET: Registered protocol family 1
Jul 12 07:47:00 novaler4kse kern.info kernel: RPC: Registered named UNIX socket transport module.
Jul 12 07:47:00 novaler4kse kern.info kernel: RPC: Registered udp transport module.
Jul 12 07:47:00 novaler4kse kern.info kernel: RPC: Registered tcp transport module.
Jul 12 07:47:00 novaler4kse kern.info kernel: RPC: Registered tcp NFSv4.1 backchannel transport module.
Jul 12 07:47:00 novaler4kse kern.debug kernel: PCI: CLS 0 bytes, default 64
Jul 12 07:47:00 novaler4kse kern.info kernel: NetWinder Floating Point Emulator V0.97 (double precision)
Jul 12 07:47:00 novaler4kse kern.info kernel: hw perfevents: enabled with armv7_cortex_a17 PMU driver, 7 counters available
Jul 12 07:47:00 novaler4kse kern.info kernel: futex hash table entries: 1024 (order: 4, 65536 bytes)
Jul 12 07:47:00 novaler4kse kern.notice kernel: VFS: Disk quotas dquot_6.6.0
Jul 12 07:47:00 novaler4kse kern.info kernel: VFS: Dquot-cache hash table entries: 1024 (order 0, 4096 bytes)
Jul 12 07:47:00 novaler4kse kern.info kernel: squashfs: version 4.0 (2009/01/31) Phillip Lougher
Jul 12 07:47:00 novaler4kse kern.notice kernel: NFS: Registering the id_resolver key type
Jul 12 07:47:00 novaler4kse kern.notice kernel: Key type id_resolver registered
Jul 12 07:47:00 novaler4kse kern.notice kernel: Key type id_legacy registered
Jul 12 07:47:00 novaler4kse kern.info kernel: nfs4filelayout_init: NFSv4 File Layout Driver Registering...
Jul 12 07:47:00 novaler4kse kern.info kernel: Installing knfsd (copyright (C) 1996 okir@monad.swb.de).
Jul 12 07:47:00 novaler4kse kern.notice kernel: FS-Cache: Netfs 'cifs' registered for caching
Jul 12 07:47:00 novaler4kse kern.info kernel: jffs2: version 2.2. (NAND) © 2001-2006 Red Hat, Inc.
Jul 12 07:47:00 novaler4kse kern.info kernel: fuse init (API version 7.23)
Jul 12 07:47:00 novaler4kse kern.debug kernel: yaffs: yaffs built Installing.
Jul 12 07:47:00 novaler4kse kern.info kernel: bounce: pool size: 64 pages
Jul 12 07:47:00 novaler4kse kern.info kernel: Block layer SCSI generic (bsg) driver version 0.4 loaded (major 252)
Jul 12 07:47:00 novaler4kse kern.info kernel: io scheduler noop registered
Jul 12 07:47:00 novaler4kse kern.info kernel: io scheduler deadline registered (default)
Jul 12 07:47:00 novaler4kse kern.info kernel: io scheduler cfq registered
Jul 12 07:47:00 novaler4kse kern.info kernel: hiahci-phy: registered new sata phy driver
Jul 12 07:47:00 novaler4kse kern.info kernel: brd: module loaded
Jul 12 07:47:00 novaler4kse kern.info kernel: loop: module loaded
Jul 12 07:47:00 novaler4kse kern.warn kernel: ahci: probe of f9900000.hiahci failed with error -1
Jul 12 07:47:00 novaler4kse kern.info kernel: hifmc100: registerd new interface driver hifmc100.
Jul 12 07:47:00 novaler4kse kern.notice kernel: hifmc100: Found flash memory controller hifmc100.
Jul 12 07:47:00 novaler4kse kern.info kernel: hifmc100: no found spi-nor device.
Jul 12 07:47:00 novaler4kse kern.info kernel: hifmc100: no found nand device.
Jul 12 07:47:00 novaler4kse kern.info kernel: hifmc100: no found spi-nand device.
Jul 12 07:47:00 novaler4kse kern.info kernel: FEPHY:addr=2, la_am=0xe, ldo_am=0x3, r_tuning=0x16
Jul 12 07:47:00 novaler4kse kern.info kernel: libphy: himii: probed
Jul 12 07:47:00 novaler4kse kern.info kernel: hi_eth: attached port 0 PHY 2 to driver HiSilicon Festa v330
Jul 12 07:47:00 novaler4kse kern.info kernel: /soc/ethernet@f9840000/ethernet_phy@0 has invalid PHY address=255
Jul 12 07:47:00 novaler4kse kern.info kernel: ehci_hcd: USB 2.0 'Enhanced' Host Controller (EHCI) Driver
Jul 12 07:47:00 novaler4kse kern.info kernel: ehci-pci: EHCI PCI platform driver
Jul 12 07:47:00 novaler4kse kern.info kernel: ehci-platform: EHCI generic platform driver
Jul 12 07:47:00 novaler4kse kern.info kernel: ehci-platform f9890000.ehci: EHCI Host Controller
Jul 12 07:47:00 novaler4kse kern.info kernel: ehci-platform f9890000.ehci: new USB bus registered, assigned bus number 1
Jul 12 07:47:00 novaler4kse kern.info kernel: ehci-platform f9890000.ehci: irq 34, io mem 0xf9890000
Jul 12 07:47:00 novaler4kse kern.info kernel: ehci-platform f9890000.ehci: USB 2.0 started, EHCI 1.00
Jul 12 07:47:00 novaler4kse kern.info kernel: hub 1-0:1.0: USB hub found
Jul 12 07:47:00 novaler4kse kern.info kernel: hub 1-0:1.0: 2 ports detected
Jul 12 07:47:00 novaler4kse kern.info kernel: ohci_hcd: USB 1.1 'Open' Host Controller (OHCI) Driver
Jul 12 07:47:00 novaler4kse kern.info kernel: ohci-pci: OHCI PCI platform driver
Jul 12 07:47:00 novaler4kse kern.info kernel: ohci-platform: OHCI generic platform driver
Jul 12 07:47:00 novaler4kse kern.info kernel: ohci-platform f9880000.ohci: Generic Platform OHCI controller
Jul 12 07:47:00 novaler4kse kern.info kernel: ohci-platform f9880000.ohci: new USB bus registered, assigned bus number 2
Jul 12 07:47:00 novaler4kse kern.info kernel: ohci-platform f9880000.ohci: irq 35, io mem 0xf9880000
Jul 12 07:47:00 novaler4kse kern.info kernel: hub 2-0:1.0: USB hub found
Jul 12 07:47:00 novaler4kse kern.info kernel: hub 2-0:1.0: 2 ports detected
Jul 12 07:47:00 novaler4kse kern.info kernel: xhci-hcd f98a0000.xhci: xHCI Host Controller
Jul 12 07:47:00 novaler4kse kern.info kernel: xhci-hcd f98a0000.xhci: new USB bus registered, assigned bus number 3
Jul 12 07:47:00 novaler4kse kern.info kernel: xhci-hcd f98a0000.xhci: hcc params 0x0220f06c hci version 0x100 quirks 0x00030010
Jul 12 07:47:00 novaler4kse kern.info kernel: xhci-hcd f98a0000.xhci: irq 37, io mem 0xf98a0000
Jul 12 07:47:00 novaler4kse kern.info kernel: hub 3-0:1.0: USB hub found
Jul 12 07:47:00 novaler4kse kern.info kernel: hub 3-0:1.0: 1 port detected
Jul 12 07:47:00 novaler4kse kern.info kernel: xhci-hcd f98a0000.xhci: xHCI Host Controller
Jul 12 07:47:00 novaler4kse kern.info kernel: xhci-hcd f98a0000.xhci: new USB bus registered, assigned bus number 4
Jul 12 07:47:00 novaler4kse kern.info kernel: usb usb4: We don't know the algorithms for LPM for this host, disabling LPM.
Jul 12 07:47:00 novaler4kse kern.info kernel: hub 4-0:1.0: USB hub found
Jul 12 07:47:00 novaler4kse kern.info kernel: hub 4-0:1.0: 1 port detected
Jul 12 07:47:00 novaler4kse kern.info kernel: usbcore: registered new interface driver usb-storage
Jul 12 07:47:00 novaler4kse kern.info kernel: mousedev: PS/2 mouse device common for all mice
Jul 12 07:47:00 novaler4kse kern.info kernel: usbcore: registered new interface driver xpad
Jul 12 07:47:00 novaler4kse kern.info kernel: i2c /dev entries driver
Jul 12 07:47:00 novaler4kse kern.info kernel: IR NEC protocol handler initialized
Jul 12 07:47:00 novaler4kse kern.info kernel: IR RC5(x/sz) protocol handler initialized
Jul 12 07:47:00 novaler4kse kern.info kernel: IR RC6 protocol handler initialized
Jul 12 07:47:00 novaler4kse kern.info kernel: IR JVC protocol handler initialized
Jul 12 07:47:00 novaler4kse kern.info kernel: IR Sony protocol handler initialized
Jul 12 07:47:00 novaler4kse kern.info kernel: IR SANYO protocol handler initialized
Jul 12 07:47:00 novaler4kse kern.info kernel: IR Sharp protocol handler initialized
Jul 12 07:47:00 novaler4kse kern.info kernel: IR MCE Keyboard/mouse protocol handler initialized
Jul 12 07:47:00 novaler4kse kern.info kernel: IR XMP protocol handler initialized
Jul 12 07:47:00 novaler4kse kern.info kernel: sp805-wdt f8a2c000.watchdog: registration successful
Jul 12 07:47:00 novaler4kse kern.warn kernel: registered new interface driver himciV2.0_4.4.35_20170401
Jul 12 07:47:00 novaler4kse kern.info kernel: usb 1-2: new high-speed USB device number 2 using ehci-platform
Jul 12 07:47:00 novaler4kse kern.info kernel: usb 4-1: new SuperSpeed USB device number 2 using xhci-hcd
Jul 12 07:47:00 novaler4kse kern.info kernel: usb-storage 4-1:1.0: USB Mass Storage device detected
Jul 12 07:47:00 novaler4kse kern.info kernel: scsi host0: usb-storage 4-1:1.0
Jul 12 07:47:00 novaler4kse kern.info kernel: mmc0: MAN_BKOPS_EN bit is not set
Jul 12 07:47:00 novaler4kse kern.warn kernel: scan edges:3 p2f:7 f2p:2
Jul 12 07:47:00 novaler4kse kern.warn kernel: mix set temp-phase 4
Jul 12 07:47:00 novaler4kse kern.warn kernel: scan elemnts: startp:26 endp:8
Jul 12 07:47:00 novaler4kse kern.notice kernel: Tuning SampleClock. mix set phase:[05/07] ele:[02/17] 
Jul 12 07:47:00 novaler4kse kern.info kernel: mmc0: new HS400 MMC card at address 0001
Jul 12 07:47:00 novaler4kse kern.info kernel: mmcblk0: mmc0:0001 8GTF4R 7.28 GiB 
Jul 12 07:47:00 novaler4kse kern.info kernel: mmcblk0boot0: mmc0:0001 8GTF4R partition 1 4.00 MiB
Jul 12 07:47:00 novaler4kse kern.info kernel: mmcblk0boot1: mmc0:0001 8GTF4R partition 2 4.00 MiB
Jul 12 07:47:00 novaler4kse kern.info kernel: mmcblk0rpmb: mmc0:0001 8GTF4R partition 3 512 KiB
Jul 12 07:47:00 novaler4kse kern.info kernel:  mmcblk0: p1(fastboot) p2(bootargs) p3(recovery) p4(bootoptions) p5(deviceinfo) p6(baseparam) p7(pqparam) p8(logo) p9(fastplay) p10(kernel) p11(trustedcore) p12(misc) p13(system) p14(vendor) p15(e2tv) p16(cache) p17(private) p18
Jul 12 07:47:00 novaler4kse kern.notice kernel: f9820000.himciv200.SD: eMMC/MMC/SD Device NOT detected!
Jul 12 07:47:00 novaler4kse kern.notice kernel: f9c40000.himciv200.SD: eMMC/MMC/SD Device NOT detected!
Jul 12 07:47:00 novaler4kse kern.info kernel: usbcore: registered new interface driver usbhid
Jul 12 07:47:00 novaler4kse kern.info kernel: usbhid: USB HID core driver
Jul 12 07:47:00 novaler4kse kern.info kernel: ashmem: initialized
Jul 12 07:47:00 novaler4kse kern.info kernel: oprofile: using timer interrupt.
Jul 12 07:47:00 novaler4kse kern.info kernel: Netfilter messages via NETLINK v0.30.
Jul 12 07:47:00 novaler4kse kern.info kernel: nfnl_acct: registering with nfnetlink.
Jul 12 07:47:00 novaler4kse kern.info kernel: wireguard: WireGuard 1.0.20220627 loaded. See www.wireguard.com for information.
Jul 12 07:47:00 novaler4kse kern.info kernel: wireguard: Copyright (C) 2015-2019 Jason A. Donenfeld <Jason@zx2c4.com>. All Rights Reserved.
Jul 12 07:47:00 novaler4kse kern.info kernel: ip_tables: (C) 2000-2006 Netfilter Core Team
Jul 12 07:47:00 novaler4kse kern.info kernel: arp_tables: (C) 2002 David S. Miller
Jul 12 07:47:00 novaler4kse kern.info kernel: NET: Registered protocol family 10
Jul 12 07:47:00 novaler4kse kern.info kernel: NET: Registered protocol family 17
Jul 12 07:47:00 novaler4kse kern.notice kernel: Key type dns_resolver registered
Jul 12 07:47:00 novaler4kse kern.notice kernel: Registering SWP/SWPB emulation handler
Jul 12 07:47:00 novaler4kse kern.info kernel: ALSA device list:
Jul 12 07:47:00 novaler4kse kern.info kernel:   No soundcards found.
Jul 12 07:47:00 novaler4kse kern.info kernel: Freeing unused kernel memory: 556K (c0a99000 - c0b24000)
Jul 12 07:47:00 novaler4kse kern.warn kernel: This architecture does not have kernel memory protection.
Jul 12 07:47:00 novaler4kse kern.warn kernel: EXT4-fs (mmcblk0p23): warning: maximal mount count reached, running e2fsck is recommended
Jul 12 07:47:00 novaler4kse kern.info kernel: EXT4-fs (mmcblk0p23): mounted filesystem with ordered data mode. Opts: (null)
Jul 12 07:47:00 novaler4kse kern.warn kernel: FAT-fs (mmcblk0p4): Volume was not properly unmounted. Some data may be corrupt. Please run fsck.
Jul 12 07:47:00 novaler4kse kern.info kernel: hisi-sndcard hisi-sndcard: aiao-hifi <-> hisi-i2s mapping ok
Jul 12 07:47:00 novaler4kse kern.info kernel: input: dreambox advanced remote control (native) as /devices/virtual/input/input1
Jul 12 07:47:00 novaler4kse kern.info kernel: input: rc mouse emulation as /devices/virtual/input/input2
Jul 12 07:47:00 novaler4kse kern.info kernel: DVB: registering new adapter (dvb0)
Jul 12 07:47:00 novaler4kse kern.notice kernel: random: nonblocking pool is initialized
Jul 12 07:47:00 novaler4kse kern.notice kernel: scsi 0:0:0:0: Direct-Access     ATA      Samsung SSD 850  2B6Q PQ: 0 ANSI: 6
Jul 12 07:47:00 novaler4kse user.info astra[2436]: Starting Astra SM 0.2
Jul 12 07:47:00 novaler4kse daemon.info avahi-daemon[2548]: Successfully called chroot().
Jul 12 07:47:00 novaler4kse daemon.info avahi-daemon[2548]: Successfully dropped remaining capabilities.
Jul 12 07:47:00 novaler4kse daemon.info avahi-daemon[2548]: Loading service file /services/ftp.service.
Jul 12 07:47:00 novaler4kse daemon.info avahi-daemon[2548]: Joining mDNS multicast group on interface eth0.IPv4 with address 192.168.1.12.
Jul 12 07:47:00 novaler4kse daemon.info avahi-daemon[2548]: New relevant interface eth0.IPv4 for mDNS.
Jul 12 07:47:00 novaler4kse daemon.info avahi-daemon[2548]: Joining mDNS multicast group on interface lo.IPv6 with address ::1.
Jul 12 07:47:00 novaler4kse daemon.info avahi-daemon[2548]: New relevant interface lo.IPv6 for mDNS.
Jul 12 07:47:00 novaler4kse daemon.info avahi-daemon[2548]: Joining mDNS multicast group on interface lo.IPv4 with address 127.0.0.1.
Jul 12 07:47:00 novaler4kse daemon.info avahi-daemon[2548]: New relevant interface lo.IPv4 for mDNS.
Jul 12 07:47:00 novaler4kse daemon.info avahi-daemon[2548]: Network interface enumeration completed.
Jul 12 07:47:00 novaler4kse daemon.info avahi-daemon[2548]: Registering new address record for 192.168.1.12 on eth0.IPv4.
Jul 12 07:47:00 novaler4kse daemon.info avahi-daemon[2548]: Registering new address record for ::1 on lo.*.
Jul 12 07:47:00 novaler4kse daemon.info avahi-daemon[2548]: Registering new address record for 127.0.0.1 on lo.IPv4.
Jul 12 07:47:00 novaler4kse kern.notice kernel: sd 0:0:0:0: [sda] 488397168 512-byte logical blocks: (250 GB/233 GiB)
Jul 12 07:47:00 novaler4kse kern.notice kernel: sd 0:0:0:0: [sda] Write Protect is off
Jul 12 07:47:00 novaler4kse kern.debug kernel: sd 0:0:0:0: [sda] Mode Sense: 43 00 00 00
Jul 12 07:47:00 novaler4kse kern.notice kernel: sd 0:0:0:0: [sda] Write cache: disabled, read cache: enabled, doesn't support DPO or FUA
Jul 12 07:47:00 novaler4kse kern.info kernel:  sda: sda1
Jul 12 07:47:00 novaler4kse kern.notice kernel: sd 0:0:0:0: [sda] Attached SCSI disk
Jul 12 07:47:00 novaler4kse kern.info kernel: platform dvb0.0: DVB: registering adapter 0 frontend 0 (DVB-S2)...
Jul 12 07:47:00 novaler4kse kern.info kernel: platform dvb0.0: DVB: registering adapter 0 frontend 1 (DVB-S2)...
Jul 12 07:47:00 novaler4kse kern.warn kernel: Mali: Mali device driver loaded
Jul 12 07:47:00 novaler4kse kern.warn kernel: tntfs: module license 'Commercial. For support email ntfs-support@tuxera.com.' taints kernel.
Jul 12 07:47:00 novaler4kse kern.warn kernel: Disabling lock debugging due to kernel taint
Jul 12 07:47:00 novaler4kse kern.info kernel: Tuxera NTFS driver 3017.7.4.6 [Flags: R/W MODULE].
Jul 12 07:47:00 novaler4kse kern.info kernel: Built against headers 4.4.35_hi3798mv2x #1 SMP Tue Dec 12 14:16:24 CST 2017 arm
Jul 12 07:47:00 novaler4kse kern.info kernel: Running on kernel 4.4.35 #1 SMP Wed Jun 29 13:36:49 UTC 2022 armv7l
Jul 12 07:47:00 novaler4kse kern.crit kernel: WARNING: Running kernel does not match configured kernel headers the driver was built with!  The driver needs to be rebuilt with the correct kernel headers!
Jul 12 07:47:00 novaler4kse kern.info kernel: SGI XFS with ACLs, security attributes, realtime, no debug enabled
Jul 12 07:47:00 novaler4kse kern.info kernel: EXT4-fs (mmcblk0p23): re-mounted. Opts: data=ordered
Jul 12 07:47:00 novaler4kse kern.warn kernel: r8188eu: module is from the staging directory, the quality is unknown, you have been warned.
Jul 12 07:47:00 novaler4kse kern.info kernel: Chip Version Info: CHIP_8188E_Normal_Chip_TSMC_UNKNOWN_CUT(10)_1T1R_RomVer(0)
Jul 12 07:47:00 novaler4kse kern.info kernel: usbcore: registered new interface driver r8188eu
Jul 12 07:47:00 novaler4kse daemon.info kernel: udevd[1404]: starting version 3.2.14
Jul 12 07:47:00 novaler4kse daemon.info kernel: udevd[1415]: starting eudev-3.2.14
Jul 12 07:47:00 novaler4kse kern.info kernel: IPv6: ADDRCONF(NETDEV_UP): eth0: link is not ready
Jul 12 07:47:00 novaler4kse kern.info kernel: hieth f9c30000.hieth eth0: Link is Up - 100Mbps/Full - flow control rx/tx
Jul 12 07:47:00 novaler4kse kern.info kernel: IPv6: ADDRCONF(NETDEV_CHANGE): eth0: link becomes ready
Jul 12 07:47:00 novaler4kse kern.info kernel: EXT4-fs (sda1): mounted filesystem with ordered data mode. Opts: (null)
Jul 12 07:47:00 novaler4kse authpriv.info crond[2575]: pam_unix(crond:session): session opened for user root(uid=0) by (uid=0)
Jul 12 07:47:00 novaler4kse authpriv.info crond[2576]: pam_unix(crond:session): session opened for user root(uid=0) by (uid=0)
Jul 12 07:47:00 novaler4kse cron.info CROND[2577]: (root) CMD (/usr/script/khaled_picon_live.sh > /dev/null 2>&1)
Jul 12 07:47:00 novaler4kse cron.info CROND[2578]: (root) CMD (/usr/script/khaled_watcher.sh)
Jul 12 07:47:00 novaler4kse cron.info CROND[2575]: (root) CMDOUT (/bin/sh: line 1: /usr/script/khaled_watcher.sh: Permission denied)
Jul 12 07:47:00 novaler4kse cron.info CROND[2575]: (root) CMDEND (/usr/script/khaled_watcher.sh)
Jul 12 07:47:00 novaler4kse authpriv.info CROND[2575]: pam_unix(crond:session): session closed for user root
Jul 12 07:47:00 novaler4kse cron.info CROND[2576]: (root) CMDEND (/usr/script/khaled_picon_live.sh > /dev/null 2>&1)
Jul 12 07:47:00 novaler4kse authpriv.info CROND[2576]: pam_unix(crond:session): session closed for user root
Jul 12 07:47:00 novaler4kse daemon.info avahi-daemon[2548]: Server startup complete. Host name is novaler4kse.local. Local service cookie is 3091085770.
Jul 12 07:47:01 novaler4kse daemon.info avahi-daemon[2548]: Service "FTP file server on novaler4kse" (/services/ftp.service) successfully established.
Jul 12 07:47:04 novaler4kse kern.warn kernel: UDF-fs: warning (device mmcblk0p1): udf_fill_super: No partition found (2)
Jul 12 07:47:04 novaler4kse user.err mount.exfat-fuse: exFAT file system is not found
Jul 12 07:47:04 novaler4kse kern.warn kernel: UDF-fs: warning (device mmcblk0p1): udf_fill_super: No partition found (2)
Jul 12 07:47:04 novaler4kse kern.info kernel: yaffs: dev is 187695105 name is "mmcblk0p1" rw
Jul 12 07:47:04 novaler4kse kern.info kernel: yaffs: passed flags ""
Jul 12 07:47:04 novaler4kse kern.debug kernel: yaffs: yaffs: Attempting MTD mount of 179.1,"mmcblk0p1"
Jul 12 07:47:04 novaler4kse kern.debug kernel: yaffs: yaffs: MTD device 1 either not valid or unavailable
Jul 12 07:47:04 novaler4kse kern.info kernel: yaffs: dev is 187695105 name is "mmcblk0p1" rw
Jul 12 07:47:04 novaler4kse kern.info kernel: yaffs: passed flags ""
Jul 12 07:47:04 novaler4kse kern.debug kernel: yaffs: yaffs: Attempting MTD mount of 179.1,"mmcblk0p1"
Jul 12 07:47:04 novaler4kse kern.debug kernel: yaffs: yaffs: MTD device 1 either not valid or unavailable
Jul 12 07:47:04 novaler4kse kern.info kernel: tntfs info (device mmcblk0p1, pid 2683): ntfs_fill_super(): fail_safe is enabled.
Jul 12 07:47:04 novaler4kse kern.warn kernel: UDF-fs: warning (device mmcblk0p3): udf_fill_super: No partition found (2)
Jul 12 07:47:04 novaler4kse user.err mount.exfat-fuse: exFAT file system is not found
Jul 12 07:47:04 novaler4kse kern.warn kernel: UDF-fs: warning (device mmcblk0p3): udf_fill_super: No partition found (2)
Jul 12 07:47:04 novaler4kse kern.info kernel: yaffs: dev is 187695107 name is "mmcblk0p3" rw
Jul 12 07:47:04 novaler4kse kern.info kernel: yaffs: passed flags ""
Jul 12 07:47:04 novaler4kse kern.debug kernel: yaffs: yaffs: Attempting MTD mount of 179.3,"mmcblk0p3"
Jul 12 07:47:04 novaler4kse kern.debug kernel: yaffs: yaffs: MTD device 3 either not valid or unavailable
Jul 12 07:47:04 novaler4kse kern.info kernel: yaffs: dev is 187695107 name is "mmcblk0p3" rw
Jul 12 07:47:04 novaler4kse kern.info kernel: yaffs: passed flags ""
Jul 12 07:47:04 novaler4kse kern.debug kernel: yaffs: yaffs: Attempting MTD mount of 179.3,"mmcblk0p3"
Jul 12 07:47:04 novaler4kse kern.debug kernel: yaffs: yaffs: MTD device 3 either not valid or unavailable
Jul 12 07:47:04 novaler4kse kern.info kernel: tntfs info (device mmcblk0p3, pid 2722): ntfs_fill_super(): fail_safe is enabled.
Jul 12 07:47:42 novaler4kse daemon.warn chronyd[2204]: Forward time jump detected!
Jul 12 07:47:47 novaler4kse daemon.info chronyd[2204]: Selected source 155.232.19.6 (pool.ntp.org)
Jul 12 07:47:47 novaler4kse daemon.warn chronyd[2204]: System clock wrong by 1.105585 seconds
Jul 12 07:47:48 novaler4kse daemon.warn chronyd[2204]: System clock was stepped by 1.105585 seconds
Jul 12 07:48:18 novaler4kse authpriv.info crond[2825]: pam_unix(crond:session): session opened for user root(uid=0) by (uid=0)
Jul 12 07:48:18 novaler4kse authpriv.info crond[2824]: pam_unix(crond:session): session opened for user root(uid=0) by (uid=0)
Jul 12 07:48:18 novaler4kse cron.info CROND[2826]: (root) CMD (/usr/script/khaled_watcher.sh)
Jul 12 07:48:18 novaler4kse cron.info CROND[2827]: (root) CMD (/usr/script/khaled_picon_live.sh > /dev/null 2>&1)
Jul 12 07:48:18 novaler4kse cron.info CROND[2824]: (root) CMDOUT (/bin/sh: line 1: /usr/script/khaled_watcher.sh: Permission denied)
Jul 12 07:48:18 novaler4kse cron.info CROND[2824]: (root) CMDEND (/usr/script/khaled_watcher.sh)
Jul 12 07:48:18 novaler4kse authpriv.info CROND[2824]: pam_unix(crond:session): session closed for user root
Jul 12 07:48:18 novaler4kse cron.info CROND[2825]: (root) CMDEND (/usr/script/khaled_picon_live.sh > /dev/null 2>&1)
Jul 12 07:48:18 novaler4kse authpriv.info CROND[2825]: pam_unix(crond:session): session closed for user root
Jul 12 07:49:00 novaler4kse authpriv.info crond[2830]: pam_unix(crond:session): session opened for user root(uid=0) by (uid=0)
Jul 12 07:49:00 novaler4kse authpriv.info crond[2831]: pam_unix(crond:session): session opened for user root(uid=0) by (uid=0)
Jul 12 07:49:00 novaler4kse cron.info CROND[2833]: (root) CMD (/usr/script/khaled_picon_live.sh > /dev/null 2>&1)
Jul 12 07:49:00 novaler4kse cron.info CROND[2832]: (root) CMD (/usr/script/khaled_watcher.sh)
Jul 12 07:49:00 novaler4kse cron.info CROND[2830]: (root) CMDOUT (/bin/sh: line 1: /usr/script/khaled_watcher.sh: Permission denied)
Jul 12 07:49:00 novaler4kse cron.info CROND[2830]: (root) CMDEND (/usr/script/khaled_watcher.sh)
Jul 12 07:49:00 novaler4kse authpriv.info CROND[2830]: pam_unix(crond:session): session closed for user root
Jul 12 07:49:00 novaler4kse cron.info CROND[2831]: (root) CMDEND (/usr/script/khaled_picon_live.sh > /dev/null 2>&1)
Jul 12 07:49:00 novaler4kse authpriv.info CROND[2831]: pam_unix(crond:session): session closed for user root
Jul 12 07:50:00 novaler4kse authpriv.info crond[2835]: pam_unix(crond:session): session opened for user root(uid=0) by (uid=0)
Jul 12 07:50:00 novaler4kse authpriv.info crond[2836]: pam_unix(crond:session): session opened for user root(uid=0) by (uid=0)
Jul 12 07:50:00 novaler4kse cron.info CROND[2838]: (root) CMD (/usr/script/khaled_watcher.sh)
Jul 12 07:50:00 novaler4kse cron.info CROND[2837]: (root) CMD (/usr/script/khaled_picon_live.sh > /dev/null 2>&1)
Jul 12 07:50:00 novaler4kse cron.info CROND[2835]: (root) CMDOUT (/bin/sh: line 1: /usr/script/khaled_watcher.sh: Permission denied)
Jul 12 07:50:00 novaler4kse cron.info CROND[2835]: (root) CMDEND (/usr/script/khaled_watcher.sh)
Jul 12 07:50:00 novaler4kse authpriv.info CROND[2835]: pam_unix(crond:session): session closed for user root
Jul 12 07:50:00 novaler4kse cron.info CROND[2836]: (root) CMDEND (/usr/script/khaled_picon_live.sh > /dev/null 2>&1)
Jul 12 07:50:00 novaler4kse authpriv.info CROND[2836]: pam_unix(crond:session): session closed for user root
Jul 12 07:50:58 novaler4kse user.notice shutdown[2849]: shutting down for system reboot
Jul 12 07:50:58 novaler4kse daemon.info init: Switching to runlevel: 6
Jul 12 07:50:58 novaler4kse authpriv.info dropbear[2248]: Early exit: Terminated by signal
Jul 12 07:50:58 novaler4kse daemon.info chronyd[2204]: chronyd exiting
Jul 12 07:50:58 novaler4kse daemon.notice rpc.mountd[2281]: Caught signal 15, un-registering and exiting.
Jul 12 07:50:58 novaler4kse kern.warn kernel: nfsd: last server has exited, flushing export cache
Jul 12 07:51:00 novaler4kse daemon.info avahi-daemon[2548]: Got SIGTERM, quitting.
Jul 12 07:51:00 novaler4kse daemon.info avahi-daemon[2548]: Leaving mDNS multicast group on interface eth0.IPv4 with address 192.168.1.12.
Jul 12 07:51:00 novaler4kse daemon.info avahi-daemon[2548]: Leaving mDNS multicast group on interface lo.IPv6 with address ::1.
Jul 12 07:51:00 novaler4kse daemon.info avahi-daemon[2548]: Leaving mDNS multicast group on interface lo.IPv4 with address 127.0.0.1.
Jul 12 07:51:00 novaler4kse daemon.info avahi-daemon[2548]: avahi-daemon 0.8 exiting.
Jul 12 07:51:00 novaler4kse authpriv.info crond[2889]: pam_unix(crond:session): session opened for user root(uid=0) by (uid=0)
Jul 12 07:51:00 novaler4kse authpriv.info crond[2888]: pam_unix(crond:session): session opened for user root(uid=0) by (uid=0)
Jul 12 07:51:00 novaler4kse cron.info CROND[2890]: (root) CMD (/usr/script/khaled_watcher.sh)
Jul 12 07:51:00 novaler4kse cron.info CROND[2891]: (root) CMD (/usr/script/khaled_picon_live.sh > /dev/null 2>&1)
Jul 12 07:51:00 novaler4kse cron.info CROND[2888]: (root) CMDOUT (/bin/sh: line 1: /usr/script/khaled_watcher.sh: Permission denied)
Jul 12 07:51:00 novaler4kse cron.info CROND[2889]: (root) CMDEND (/usr/script/khaled_picon_live.sh > /dev/null 2>&1)
Jul 12 07:51:00 novaler4kse cron.info CROND[2888]: (root) CMDEND (/usr/script/khaled_watcher.sh)
Jul 12 07:51:00 novaler4kse authpriv.info CROND[2889]: pam_unix(crond:session): session closed for user root
Jul 12 07:51:00 novaler4kse authpriv.info CROND[2888]: pam_unix(crond:session): session closed for user root
Jul 12 07:51:00 novaler4kse user.info astra[2436]: [main] shutting down
Jul 12 07:51:01 novaler4kse syslog.info syslogd exiting
Jul 12 07:51:09 novaler4kse syslog.info syslogd started: BusyBox v1.37.0
Jul 12 07:51:09 novaler4kse daemon.info avahi-daemon[2531]: Found user 'avahi' (UID 995) and group 'avahi' (GID 994).
Jul 12 07:51:09 novaler4kse daemon.info avahi-daemon[2531]: Successfully dropped root privileges.
Jul 12 07:51:09 novaler4kse daemon.info avahi-daemon[2531]: avahi-daemon 0.8 starting up.
Jul 12 07:51:09 novaler4kse daemon.info avahi-daemon[2531]: Successfully called chroot().
Jul 12 07:51:09 novaler4kse daemon.info avahi-daemon[2531]: Successfully dropped remaining capabilities.
Jul 12 07:51:09 novaler4kse daemon.info avahi-daemon[2531]: No service file found in /etc/avahi/services.
Jul 12 07:51:09 novaler4kse daemon.info avahi-daemon[2531]: Joining mDNS multicast group on interface eth0.IPv4 with address 192.168.1.12.
Jul 12 07:51:09 novaler4kse daemon.info avahi-daemon[2531]: New relevant interface eth0.IPv4 for mDNS.
Jul 12 07:51:09 novaler4kse daemon.info avahi-daemon[2531]: Joining mDNS multicast group on interface lo.IPv6 with address ::1.
Jul 12 07:51:09 novaler4kse daemon.info avahi-daemon[2531]: New relevant interface lo.IPv6 for mDNS.
Jul 12 07:51:09 novaler4kse daemon.info avahi-daemon[2531]: Joining mDNS multicast group on interface lo.IPv4 with address 127.0.0.1.
Jul 12 07:51:09 novaler4kse daemon.info avahi-daemon[2531]: New relevant interface lo.IPv4 for mDNS.
Jul 12 07:51:09 novaler4kse daemon.info avahi-daemon[2531]: Network interface enumeration completed.
Jul 12 07:51:09 novaler4kse daemon.info avahi-daemon[2531]: Registering new address record for 192.168.1.12 on eth0.IPv4.
Jul 12 07:51:09 novaler4kse daemon.info avahi-daemon[2531]: Registering new address record for ::1 on lo.*.
Jul 12 07:51:09 novaler4kse daemon.info avahi-daemon[2531]: Registering new address record for 127.0.0.1 on lo.IPv4.
Jul 12 07:51:09 novaler4kse daemon.info avahi-daemon[2531]: Files changed, reloading.
Jul 12 07:51:09 novaler4kse daemon.info avahi-daemon[2531]: Loading service file /services/ftp.service.
Jul 12 07:51:10 novaler4kse kern.notice kernel: klogd started: BusyBox v1.37.0 ()
Jul 12 07:51:10 novaler4kse kern.info kernel: Booting Linux on physical CPU 0x0
Jul 12 07:51:10 novaler4kse kern.notice kernel: Linux version 4.4.35 (openATV@www.opena.tv) (gcc version 15.2.0 (GCC) ) #1 SMP Wed Jun 29 13:36:49 UTC 2022
Jul 12 07:51:10 novaler4kse kern.info kernel: CPU: ARMv7 Processor [410fd034] revision 4 (ARMv7), cr=10c5383d
Jul 12 07:51:10 novaler4kse kern.info kernel: CPU: PIPT / VIPT nonaliasing data cache, VIPT aliasing instruction cache
Jul 12 07:51:10 novaler4kse kern.notice kernel: initmrd: found no initmrd.
Jul 12 07:51:10 novaler4kse kern.info kernel: Machine model: Hisilicon
Jul 12 07:51:10 novaler4kse kern.info kernel: cma: Reserved 60 MiB at 0x35800000
Jul 12 07:51:10 novaler4kse kern.info kernel: cma: Reserved 4 MiB at 0x3a400000
Jul 12 07:51:10 novaler4kse kern.info kernel: Memory policy: Data cache writealloc
Jul 12 07:51:10 novaler4kse kern.debug kernel: -------------Fixed IO Mapping----------
Jul 12 07:51:10 novaler4kse kern.debug kernel: Virt,            Phys,             Size
Jul 12 07:51:10 novaler4kse kern.debug kernel: 0xF9000000,    0xF8000000,    0x02000000
Jul 12 07:51:10 novaler4kse kern.debug kernel: --------------------------------------
Jul 12 07:51:10 novaler4kse kern.debug kernel: On node 0 totalpages: 239872
Jul 12 07:51:10 novaler4kse kern.debug kernel: free_area_init_node: node 0, pgdat c0bb8400, node_mem_map dfca1000
Jul 12 07:51:10 novaler4kse kern.debug kernel:   Normal zone: 1032 pages used for memmap
Jul 12 07:51:10 novaler4kse kern.debug kernel:   Normal zone: 0 pages reserved
Jul 12 07:51:10 novaler4kse kern.debug kernel:   Normal zone: 132096 pages, LIFO batch:31
Jul 12 07:51:10 novaler4kse kern.debug kernel:   HighMem zone: 107776 pages, LIFO batch:31
Jul 12 07:51:10 novaler4kse kern.info kernel: PERCPU: Embedded 13 pages/cpu @dfc5d000 s22604 r8192 d22452 u53248
Jul 12 07:51:10 novaler4kse kern.debug kernel: pcpu-alloc: s22604 r8192 d22452 u53248 alloc=13*4096
Jul 12 07:51:10 novaler4kse kern.debug kernel: pcpu-alloc: [0] 0 [0] 1 [0] 2 [0] 3 
Jul 12 07:51:10 novaler4kse kern.info kernel: Built 1 zonelists in Zone order, mobility grouping on.  Total pages: 238840
Jul 12 07:51:10 novaler4kse kern.notice kernel: Kernel command line: root=/dev/mmcblk0p23 rootsubdir=linuxrootfs1 rootfstype=ext4 kernel=/dev/mmcblk0p19 console=ttyAMA0,115200 blkdevparts=mmcblk0:1M(fastboot),1M(bootargs),18M(recovery),2M(bootoptions),2M(deviceinfo),4M(basepa
Jul 12 07:51:10 novaler4kse kern.info kernel: log_buf_len individual max cpu contribution: 4096 bytes
Jul 12 07:51:10 novaler4kse kern.info kernel: log_buf_len total cpu_extra contributions: 12288 bytes
Jul 12 07:51:10 novaler4kse kern.info kernel: log_buf_len min size: 16384 bytes
Jul 12 07:51:10 novaler4kse kern.info kernel: log_buf_len: 32768 bytes
Jul 12 07:51:10 novaler4kse kern.info kernel: early log buf free: 14176(86%)
Jul 12 07:51:10 novaler4kse kern.info kernel: PID hash table entries: 2048 (order: 1, 8192 bytes)
Jul 12 07:51:10 novaler4kse kern.info kernel: Dentry cache hash table entries: 65536 (order: 6, 262144 bytes)
Jul 12 07:51:10 novaler4kse kern.info kernel: Inode-cache hash table entries: 32768 (order: 5, 131072 bytes)
Jul 12 07:51:10 novaler4kse kern.info kernel: Memory: 862868K/959488K available (8047K kernel code, 672K rwdata, 2156K rodata, 556K init, 522K bss, 31084K reserved, 65536K cma-reserved, 355316K highmem)
Jul 12 07:51:10 novaler4kse kern.notice kernel: Virtual kernel memory layout:
Jul 12 07:51:10 novaler4kse kern.notice kernel:     vector  : 0xffff0000 - 0xffff1000   (   4 kB)
Jul 12 07:51:10 novaler4kse kern.notice kernel:     fixmap  : 0xffc00000 - 0xfff00000   (3072 kB)
Jul 12 07:51:10 novaler4kse kern.notice kernel:     vmalloc : 0xe0800000 - 0xff800000   ( 496 MB)
Jul 12 07:51:10 novaler4kse kern.notice kernel:     lowmem  : 0xc0000000 - 0xe0400000   ( 516 MB)
Jul 12 07:51:10 novaler4kse kern.notice kernel:     pkmap   : 0xbfe00000 - 0xc0000000   (   2 MB)
Jul 12 07:51:10 novaler4kse kern.notice kernel:     modules : 0xbf000000 - 0xbfe00000   (  14 MB)
Jul 12 07:51:10 novaler4kse kern.notice kernel:       .text : 0xc0008000 - 0xc07e41ac   (8049 kB)
Jul 12 07:51:10 novaler4kse kern.notice kernel:       .init : 0xc0a99000 - 0xc0b24000   ( 556 kB)
Jul 12 07:51:10 novaler4kse kern.notice kernel:       .data : 0xc0b24000 - 0xc0bcc3b4   ( 673 kB)
Jul 12 07:51:10 novaler4kse kern.notice kernel:        .bss : 0xc0bce000 - 0xc0c50980   ( 523 kB)
Jul 12 07:51:10 novaler4kse kern.info kernel: SLUB: HWalign=64, Order=0-3, MinObjects=0, CPUs=4, Nodes=1
Jul 12 07:51:10 novaler4kse kern.info kernel: Hierarchical RCU implementation.
Jul 12 07:51:10 novaler4kse kern.info kernel: 	Build-time adjustment of leaf fanout to 32.
Jul 12 07:51:10 novaler4kse kern.info kernel: NR_IRQS:352
Jul 12 07:51:10 novaler4kse kern.info kernel: clocksource: hisp804: mask: 0xffffffff max_cycles: 0xffffffff, max_idle_ns: 79635851949 ns
Jul 12 07:51:10 novaler4kse kern.info kernel: sched_clock: 32 bits at 24MHz, resolution 41ns, wraps every 89478484971ns
Jul 12 07:51:10 novaler4kse kern.info kernel: Console: colour dummy device 80x30
Jul 12 07:51:10 novaler4kse kern.info kernel: Calibrating delay loop... 3170.30 BogoMIPS (lpj=1585152)
Jul 12 07:51:10 novaler4kse kern.info kernel: pid_max: default: 32768 minimum: 301
Jul 12 07:51:10 novaler4kse kern.info kernel: Mount-cache hash table entries: 1024 (order: 0, 4096 bytes)
Jul 12 07:51:10 novaler4kse kern.info kernel: Mountpoint-cache hash table entries: 1024 (order: 0, 4096 bytes)
Jul 12 07:51:10 novaler4kse kern.info kernel: CPU: Testing write buffer coherency: ok
Jul 12 07:51:10 novaler4kse kern.info kernel: ftrace: allocating 26212 entries in 77 pages
Jul 12 07:51:10 novaler4kse kern.info kernel: CPU0: update cpu_capacity 1024
Jul 12 07:51:10 novaler4kse kern.info kernel: CPU0: thread -1, cpu 0, socket 0, mpidr 80000000
Jul 12 07:51:10 novaler4kse kern.info kernel: Setting up static identity map for 0x8280 - 0x82d8
Jul 12 07:51:10 novaler4kse kern.warn kernel: CPU: hi3798mv200
Jul 12 07:51:10 novaler4kse kern.debug kernel: CPU1: powerup
Jul 12 07:51:10 novaler4kse kern.info kernel: CPU1: update cpu_capacity 1024
Jul 12 07:51:10 novaler4kse kern.info kernel: CPU1: thread -1, cpu 1, socket 0, mpidr 80000001
Jul 12 07:51:10 novaler4kse kern.debug kernel: CPU2: powerup
Jul 12 07:51:10 novaler4kse kern.info kernel: CPU2: update cpu_capacity 1024
Jul 12 07:51:10 novaler4kse kern.info kernel: CPU2: thread -1, cpu 2, socket 0, mpidr 80000002
Jul 12 07:51:10 novaler4kse kern.debug kernel: CPU3: powerup
Jul 12 07:51:10 novaler4kse kern.info kernel: CPU3: update cpu_capacity 1024
Jul 12 07:51:10 novaler4kse kern.info kernel: CPU3: thread -1, cpu 3, socket 0, mpidr 80000003
Jul 12 07:51:10 novaler4kse kern.info kernel: Brought up 4 CPUs
Jul 12 07:51:10 novaler4kse kern.info kernel: SMP: Total of 4 processors activated (12681.21 BogoMIPS).
Jul 12 07:51:10 novaler4kse kern.info kernel: CPU: All CPU(s) started in SVC mode.
Jul 12 07:51:10 novaler4kse kern.info kernel: CPU3: update max cpu_capacity 1024
Jul 12 07:51:10 novaler4kse kern.info kernel: devtmpfs: initialized
Jul 12 07:51:10 novaler4kse kern.info kernel: VFP support v0.3: implementor 41 architecture 3 part 40 variant 3 rev 4
Jul 12 07:51:10 novaler4kse kern.info kernel: clocksource: jiffies: mask: 0xffffffff max_cycles: 0xffffffff, max_idle_ns: 1911260446275000 ns
Jul 12 07:51:10 novaler4kse kern.warn kernel: PCIe read alloc area phyaddr 08  size 00000000
Jul 12 07:51:10 novaler4kse kern.warn kernel: PCIe write alloc area phyaddr 08  size 00000000
Jul 12 07:51:10 novaler4kse kern.info kernel: NET: Registered protocol family 16
Jul 12 07:51:10 novaler4kse kern.info kernel: DMA: preallocated 256 KiB pool for atomic coherent allocations
Jul 12 07:51:10 novaler4kse kern.info kernel: CPU1: update max cpu_capacity 1024
Jul 12 07:51:10 novaler4kse kern.info kernel: hw-breakpoint: found 5 (+1 reserved) breakpoint and 4 watchpoint registers.
Jul 12 07:51:10 novaler4kse kern.info kernel: hw-breakpoint: maximum watchpoint size is 8 bytes.
Jul 12 07:51:10 novaler4kse kern.info kernel: Serial: AMBA PL011 UART driver
Jul 12 07:51:10 novaler4kse kern.info kernel: f8b00000.uart: ttyAMA0 at MMIO 0xf8b00000 (irq = 25, base_baud = 0) is a PL011 rev2
Jul 12 07:51:10 novaler4kse kern.info kernel: console [ttyAMA0] enabled
Jul 12 07:51:10 novaler4kse kern.info kernel: f8b02000.uart: ttyAMA1 at MMIO 0xf8b02000 (irq = 26, base_baud = 0) is a PL011 rev2
Jul 12 07:51:10 novaler4kse kern.info kernel: f8b03000.uart: ttyAMA2 at MMIO 0xf8b03000 (irq = 27, base_baud = 0) is a PL011 rev2
Jul 12 07:51:10 novaler4kse kern.info kernel: pl061_gpio f8b20000.gpio0: PL061 GPIO chip @0xf8b20000 registered
Jul 12 07:51:10 novaler4kse kern.info kernel: pl061_gpio f8b21000.gpio1: PL061 GPIO chip @0xf8b21000 registered
Jul 12 07:51:10 novaler4kse kern.info kernel: pl061_gpio f8b22000.gpio2: PL061 GPIO chip @0xf8b22000 registered
Jul 12 07:51:10 novaler4kse kern.info kernel: pl061_gpio f8b23000.gpio3: PL061 GPIO chip @0xf8b23000 registered
Jul 12 07:51:10 novaler4kse kern.info kernel: pl061_gpio f8b24000.gpio4: PL061 GPIO chip @0xf8b24000 registered
Jul 12 07:51:10 novaler4kse kern.info kernel: pl061_gpio f8004000.gpio5: PL061 GPIO chip @0xf8004000 registered
Jul 12 07:51:10 novaler4kse kern.info kernel: pl061_gpio f8b26000.gpio6: PL061 GPIO chip @0xf8b26000 registered
Jul 12 07:51:10 novaler4kse kern.info kernel: pl061_gpio f8b27000.gpio7: PL061 GPIO chip @0xf8b27000 registered
Jul 12 07:51:10 novaler4kse kern.info kernel: pl061_gpio f8b28000.gpio8: PL061 GPIO chip @0xf8b28000 registered
Jul 12 07:51:10 novaler4kse kern.info kernel: pl061_gpio f8b29000.gpio9: PL061 GPIO chip @0xf8b29000 registered
Jul 12 07:51:10 novaler4kse kern.warn kernel: hisilicon-pcie: probe of f0001000.pcie failed with error -1
Jul 12 07:51:10 novaler4kse kern.info kernel: hisi_iommu_ptable_addr:phy 0x1e800000    size:0x400000
Jul 12 07:51:10 novaler4kse kern.info kernel: hisi_iommu_err_rdaddr :phy 0x1f747400    size:0x200
Jul 12 07:51:10 novaler4kse kern.info kernel: hisi_iommu_err_wraddr :phy 0x1f747600     size:0x200
Jul 12 07:51:10 novaler4kse kern.info kernel: in hisi_iommu_domain_init start 
Jul 12 07:51:10 novaler4kse kern.info kernel: in hisi_iommu_domain_init end 
Jul 12 07:51:10 novaler4kse kern.info kernel: vgaarb: loaded
Jul 12 07:51:10 novaler4kse kern.notice kernel: SCSI subsystem initialized
Jul 12 07:51:10 novaler4kse kern.debug kernel: libata version 3.00 loaded.
Jul 12 07:51:10 novaler4kse kern.info kernel: ssp-pl022 f8b1a000.spi: ARM PL022 driver, device ID: 0x00041022
Jul 12 07:51:10 novaler4kse kern.info kernel: ssp-pl022 f8b1a000.spi: mapped registers from 0xf8b1a000 to f9b1a000
Jul 12 07:51:10 novaler4kse kern.info kernel: spi_master spi0: will run message pump with realtime priority
Jul 12 07:51:10 novaler4kse kern.info kernel: usbcore: registered new interface driver usbfs
Jul 12 07:51:10 novaler4kse kern.info kernel: usbcore: registered new interface driver hub
Jul 12 07:51:10 novaler4kse kern.info kernel: usbcore: registered new device driver usb
Jul 12 07:51:10 novaler4kse kern.info kernel: media: Linux media interface: v0.10
Jul 12 07:51:10 novaler4kse kern.info kernel: Linux video capture interface: v2.00
Jul 12 07:51:10 novaler4kse kern.info kernel: Advanced Linux Sound Architecture Driver Initialized.
Jul 12 07:51:10 novaler4kse kern.info kernel: clocksource: Switched to clocksource hisp804
Jul 12 07:51:10 novaler4kse kern.notice kernel: FS-Cache: Loaded
Jul 12 07:51:10 novaler4kse kern.info kernel: NET: Registered protocol family 2
Jul 12 07:51:10 novaler4kse kern.info kernel: TCP established hash table entries: 4096 (order: 2, 16384 bytes)
Jul 12 07:51:10 novaler4kse kern.info kernel: TCP bind hash table entries: 4096 (order: 3, 32768 bytes)
Jul 12 07:51:10 novaler4kse kern.info kernel: TCP: Hash tables configured (established 4096 bind 4096)
Jul 12 07:51:10 novaler4kse kern.info kernel: UDP hash table entries: 256 (order: 1, 8192 bytes)
Jul 12 07:51:10 novaler4kse kern.info kernel: UDP-Lite hash table entries: 256 (order: 1, 8192 bytes)
Jul 12 07:51:10 novaler4kse kern.info kernel: NET: Registered protocol family 1
Jul 12 07:51:10 novaler4kse kern.info kernel: RPC: Registered named UNIX socket transport module.
Jul 12 07:51:10 novaler4kse kern.info kernel: RPC: Registered udp transport module.
Jul 12 07:51:10 novaler4kse kern.info kernel: RPC: Registered tcp transport module.
Jul 12 07:51:10 novaler4kse kern.info kernel: RPC: Registered tcp NFSv4.1 backchannel transport module.
Jul 12 07:51:10 novaler4kse kern.debug kernel: PCI: CLS 0 bytes, default 64
Jul 12 07:51:10 novaler4kse kern.info kernel: NetWinder Floating Point Emulator V0.97 (double precision)
Jul 12 07:51:10 novaler4kse kern.info kernel: hw perfevents: enabled with armv7_cortex_a17 PMU driver, 7 counters available
Jul 12 07:51:10 novaler4kse kern.info kernel: futex hash table entries: 1024 (order: 4, 65536 bytes)
Jul 12 07:51:10 novaler4kse kern.notice kernel: VFS: Disk quotas dquot_6.6.0
Jul 12 07:51:10 novaler4kse kern.info kernel: VFS: Dquot-cache hash table entries: 1024 (order 0, 4096 bytes)
Jul 12 07:51:10 novaler4kse kern.info kernel: squashfs: version 4.0 (2009/01/31) Phillip Lougher
Jul 12 07:51:10 novaler4kse kern.notice kernel: NFS: Registering the id_resolver key type
Jul 12 07:51:10 novaler4kse kern.notice kernel: Key type id_resolver registered
Jul 12 07:51:10 novaler4kse kern.notice kernel: Key type id_legacy registered
Jul 12 07:51:10 novaler4kse kern.info kernel: nfs4filelayout_init: NFSv4 File Layout Driver Registering...
Jul 12 07:51:10 novaler4kse kern.info kernel: Installing knfsd (copyright (C) 1996 okir@monad.swb.de).
Jul 12 07:51:10 novaler4kse kern.notice kernel: FS-Cache: Netfs 'cifs' registered for caching
Jul 12 07:51:10 novaler4kse kern.info kernel: jffs2: version 2.2. (NAND) © 2001-2006 Red Hat, Inc.
Jul 12 07:51:10 novaler4kse kern.info kernel: fuse init (API version 7.23)
Jul 12 07:51:10 novaler4kse kern.debug kernel: yaffs: yaffs built Installing.
Jul 12 07:51:10 novaler4kse kern.info kernel: bounce: pool size: 64 pages
Jul 12 07:51:10 novaler4kse kern.info kernel: Block layer SCSI generic (bsg) driver version 0.4 loaded (major 252)
Jul 12 07:51:10 novaler4kse kern.info kernel: io scheduler noop registered
Jul 12 07:51:10 novaler4kse kern.info kernel: io scheduler deadline registered (default)
Jul 12 07:51:10 novaler4kse kern.info kernel: io scheduler cfq registered
Jul 12 07:51:10 novaler4kse kern.info kernel: hiahci-phy: registered new sata phy driver
Jul 12 07:51:10 novaler4kse kern.info kernel: brd: module loaded
Jul 12 07:51:10 novaler4kse kern.info kernel: loop: module loaded
Jul 12 07:51:10 novaler4kse kern.warn kernel: ahci: probe of f9900000.hiahci failed with error -1
Jul 12 07:51:10 novaler4kse kern.info kernel: hifmc100: registerd new interface driver hifmc100.
Jul 12 07:51:10 novaler4kse kern.notice kernel: hifmc100: Found flash memory controller hifmc100.
Jul 12 07:51:10 novaler4kse kern.info kernel: hifmc100: no found spi-nor device.
Jul 12 07:51:10 novaler4kse kern.info kernel: hifmc100: no found nand device.
Jul 12 07:51:10 novaler4kse kern.info kernel: hifmc100: no found spi-nand device.
Jul 12 07:51:10 novaler4kse kern.info kernel: FEPHY:addr=2, la_am=0xe, ldo_am=0x3, r_tuning=0x16
Jul 12 07:51:10 novaler4kse kern.info kernel: libphy: himii: probed
Jul 12 07:51:10 novaler4kse kern.info kernel: hi_eth: attached port 0 PHY 2 to driver HiSilicon Festa v330
Jul 12 07:51:10 novaler4kse kern.info kernel: /soc/ethernet@f9840000/ethernet_phy@0 has invalid PHY address=255
Jul 12 07:51:10 novaler4kse kern.info kernel: ehci_hcd: USB 2.0 'Enhanced' Host Controller (EHCI) Driver
Jul 12 07:51:10 novaler4kse kern.info kernel: ehci-pci: EHCI PCI platform driver
Jul 12 07:51:10 novaler4kse kern.info kernel: ehci-platform: EHCI generic platform driver
Jul 12 07:51:10 novaler4kse kern.info kernel: ehci-platform f9890000.ehci: EHCI Host Controller
Jul 12 07:51:10 novaler4kse kern.info kernel: ehci-platform f9890000.ehci: new USB bus registered, assigned bus number 1
Jul 12 07:51:10 novaler4kse kern.info kernel: ehci-platform f9890000.ehci: irq 34, io mem 0xf9890000
Jul 12 07:51:10 novaler4kse kern.info kernel: ehci-platform f9890000.ehci: USB 2.0 started, EHCI 1.00
Jul 12 07:51:10 novaler4kse kern.info kernel: hub 1-0:1.0: USB hub found
Jul 12 07:51:10 novaler4kse kern.info kernel: hub 1-0:1.0: 2 ports detected
Jul 12 07:51:10 novaler4kse kern.info kernel: ohci_hcd: USB 1.1 'Open' Host Controller (OHCI) Driver
Jul 12 07:51:10 novaler4kse kern.info kernel: ohci-pci: OHCI PCI platform driver
Jul 12 07:51:10 novaler4kse kern.info kernel: ohci-platform: OHCI generic platform driver
Jul 12 07:51:10 novaler4kse kern.info kernel: ohci-platform f9880000.ohci: Generic Platform OHCI controller
Jul 12 07:51:10 novaler4kse kern.info kernel: ohci-platform f9880000.ohci: new USB bus registered, assigned bus number 2
Jul 12 07:51:10 novaler4kse kern.info kernel: ohci-platform f9880000.ohci: irq 35, io mem 0xf9880000
Jul 12 07:51:10 novaler4kse kern.info kernel: hub 2-0:1.0: USB hub found
Jul 12 07:51:10 novaler4kse kern.info kernel: hub 2-0:1.0: 2 ports detected
Jul 12 07:51:10 novaler4kse kern.info kernel: xhci-hcd f98a0000.xhci: xHCI Host Controller
Jul 12 07:51:10 novaler4kse kern.info kernel: xhci-hcd f98a0000.xhci: new USB bus registered, assigned bus number 3
Jul 12 07:51:10 novaler4kse kern.info kernel: xhci-hcd f98a0000.xhci: hcc params 0x0220f06c hci version 0x100 quirks 0x00030010
Jul 12 07:51:10 novaler4kse kern.info kernel: xhci-hcd f98a0000.xhci: irq 37, io mem 0xf98a0000
Jul 12 07:51:10 novaler4kse kern.info kernel: hub 3-0:1.0: USB hub found
Jul 12 07:51:10 novaler4kse kern.info kernel: hub 3-0:1.0: 1 port detected
Jul 12 07:51:10 novaler4kse kern.info kernel: xhci-hcd f98a0000.xhci: xHCI Host Controller
Jul 12 07:51:10 novaler4kse kern.info kernel: xhci-hcd f98a0000.xhci: new USB bus registered, assigned bus number 4
Jul 12 07:51:10 novaler4kse kern.info kernel: usb usb4: We don't know the algorithms for LPM for this host, disabling LPM.
Jul 12 07:51:10 novaler4kse kern.info kernel: hub 4-0:1.0: USB hub found
Jul 12 07:51:10 novaler4kse kern.info kernel: hub 4-0:1.0: 1 port detected
Jul 12 07:51:10 novaler4kse kern.info kernel: usbcore: registered new interface driver usb-storage
Jul 12 07:51:10 novaler4kse kern.info kernel: mousedev: PS/2 mouse device common for all mice
Jul 12 07:51:10 novaler4kse kern.info kernel: usbcore: registered new interface driver xpad
Jul 12 07:51:10 novaler4kse kern.info kernel: i2c /dev entries driver
Jul 12 07:51:10 novaler4kse kern.info kernel: IR NEC protocol handler initialized
Jul 12 07:51:10 novaler4kse kern.info kernel: IR RC5(x/sz) protocol handler initialized
Jul 12 07:51:10 novaler4kse kern.info kernel: IR RC6 protocol handler initialized
Jul 12 07:51:10 novaler4kse kern.info kernel: IR JVC protocol handler initialized
Jul 12 07:51:10 novaler4kse kern.info kernel: IR Sony protocol handler initialized
Jul 12 07:51:10 novaler4kse kern.info kernel: IR SANYO protocol handler initialized
Jul 12 07:51:10 novaler4kse kern.info kernel: IR Sharp protocol handler initialized
Jul 12 07:51:10 novaler4kse kern.info kernel: IR MCE Keyboard/mouse protocol handler initialized
Jul 12 07:51:10 novaler4kse kern.info kernel: IR XMP protocol handler initialized
Jul 12 07:51:10 novaler4kse kern.info kernel: sp805-wdt f8a2c000.watchdog: registration successful
Jul 12 07:51:10 novaler4kse kern.warn kernel: registered new interface driver himciV2.0_4.4.35_20170401
Jul 12 07:51:10 novaler4kse kern.info kernel: usb 1-2: new high-speed USB device number 2 using ehci-platform
Jul 12 07:51:10 novaler4kse kern.info kernel: usb 4-1: new SuperSpeed USB device number 2 using xhci-hcd
Jul 12 07:51:10 novaler4kse kern.info kernel: usb-storage 4-1:1.0: USB Mass Storage device detected
Jul 12 07:51:10 novaler4kse kern.info kernel: scsi host0: usb-storage 4-1:1.0
Jul 12 07:51:10 novaler4kse kern.info kernel: mmc0: MAN_BKOPS_EN bit is not set
Jul 12 07:51:10 novaler4kse kern.warn kernel: scan edges:3 p2f:7 f2p:2
Jul 12 07:51:10 novaler4kse kern.warn kernel: mix set temp-phase 4
Jul 12 07:51:10 novaler4kse kern.warn kernel: scan elemnts: startp:26 endp:9
Jul 12 07:51:10 novaler4kse kern.notice kernel: Tuning SampleClock. mix set phase:[05/07] ele:[02/17] 
Jul 12 07:51:10 novaler4kse kern.info kernel: mmc0: new HS400 MMC card at address 0001
Jul 12 07:51:10 novaler4kse kern.info kernel: mmcblk0: mmc0:0001 8GTF4R 7.28 GiB 
Jul 12 07:51:10 novaler4kse kern.info kernel: mmcblk0boot0: mmc0:0001 8GTF4R partition 1 4.00 MiB
Jul 12 07:51:10 novaler4kse kern.info kernel: mmcblk0boot1: mmc0:0001 8GTF4R partition 2 4.00 MiB
Jul 12 07:51:10 novaler4kse kern.info kernel: mmcblk0rpmb: mmc0:0001 8GTF4R partition 3 512 KiB
Jul 12 07:51:10 novaler4kse kern.info kernel:  mmcblk0: p1(fastboot) p2(bootargs) p3(recovery) p4(bootoptions) p5(deviceinfo) p6(baseparam) p7(pqparam) p8(logo) p9(fastplay) p10(kernel) p11(trustedcore) p12(misc) p13(system) p14(vendor) p15(e2tv) p16(cache) p17(private) p18
Jul 12 07:51:10 novaler4kse kern.notice kernel: f9820000.himciv200.SD: eMMC/MMC/SD Device NOT detected!
Jul 12 07:51:10 novaler4kse kern.notice kernel: f9c40000.himciv200.SD: eMMC/MMC/SD Device NOT detected!
Jul 12 07:51:10 novaler4kse kern.info kernel: usbcore: registered new interface driver usbhid
Jul 12 07:51:10 novaler4kse kern.info kernel: usbhid: USB HID core driver
Jul 12 07:51:10 novaler4kse kern.info kernel: ashmem: initialized
Jul 12 07:51:10 novaler4kse kern.info kernel: oprofile: using timer interrupt.
Jul 12 07:51:10 novaler4kse kern.info kernel: Netfilter messages via NETLINK v0.30.
Jul 12 07:51:10 novaler4kse kern.info kernel: nfnl_acct: registering with nfnetlink.
Jul 12 07:51:10 novaler4kse kern.info kernel: wireguard: WireGuard 1.0.20220627 loaded. See www.wireguard.com for information.
Jul 12 07:51:10 novaler4kse kern.info kernel: wireguard: Copyright (C) 2015-2019 Jason A. Donenfeld <Jason@zx2c4.com>. All Rights Reserved.
Jul 12 07:51:10 novaler4kse kern.info kernel: ip_tables: (C) 2000-2006 Netfilter Core Team
Jul 12 07:51:10 novaler4kse kern.info kernel: arp_tables: (C) 2002 David S. Miller
Jul 12 07:51:10 novaler4kse kern.info kernel: NET: Registered protocol family 10
Jul 12 07:51:10 novaler4kse kern.info kernel: NET: Registered protocol family 17
Jul 12 07:51:10 novaler4kse kern.notice kernel: Key type dns_resolver registered
Jul 12 07:51:10 novaler4kse kern.notice kernel: Registering SWP/SWPB emulation handler
Jul 12 07:51:10 novaler4kse kern.info kernel: ALSA device list:
Jul 12 07:51:10 novaler4kse kern.info kernel:   No soundcards found.
Jul 12 07:51:10 novaler4kse kern.info kernel: Freeing unused kernel memory: 556K (c0a99000 - c0b24000)
Jul 12 07:51:10 novaler4kse kern.warn kernel: This architecture does not have kernel memory protection.
Jul 12 07:51:10 novaler4kse kern.warn kernel: EXT4-fs (mmcblk0p23): warning: maximal mount count reached, running e2fsck is recommended
Jul 12 07:51:10 novaler4kse kern.info kernel: EXT4-fs (mmcblk0p23): mounted filesystem with ordered data mode. Opts: (null)
Jul 12 07:51:10 novaler4kse kern.warn kernel: FAT-fs (mmcblk0p4): Volume was not properly unmounted. Some data may be corrupt. Please run fsck.
Jul 12 07:51:10 novaler4kse kern.info kernel: hisi-sndcard hisi-sndcard: aiao-hifi <-> hisi-i2s mapping ok
Jul 12 07:51:10 novaler4kse kern.info kernel: input: dreambox advanced remote control (native) as /devices/virtual/input/input1
Jul 12 07:51:10 novaler4kse kern.info kernel: input: rc mouse emulation as /devices/virtual/input/input2
Jul 12 07:51:10 novaler4kse kern.info kernel: DVB: registering new adapter (dvb0)
Jul 12 07:51:10 novaler4kse kern.notice kernel: random: nonblocking pool is initialized
Jul 12 07:51:10 novaler4kse kern.notice kernel: scsi 0:0:0:0: Direct-Access     ATA      Samsung SSD 850  2B6Q PQ: 0 ANSI: 6
Jul 12 07:51:10 novaler4kse kern.notice kernel: sd 0:0:0:0: [sda] 488397168 512-byte logical blocks: (250 GB/233 GiB)
Jul 12 07:51:10 novaler4kse kern.notice kernel: sd 0:0:0:0: [sda] Write Protect is off
Jul 12 07:51:10 novaler4kse kern.debug kernel: sd 0:0:0:0: [sda] Mode Sense: 43 00 00 00
Jul 12 07:51:10 novaler4kse kern.notice kernel: sd 0:0:0:0: [sda] Write cache: disabled, read cache: enabled, doesn't support DPO or FUA
Jul 12 07:51:10 novaler4kse kern.info kernel:  sda: sda1
Jul 12 07:51:10 novaler4kse kern.notice kernel: sd 0:0:0:0: [sda] Attached SCSI disk
Jul 12 07:51:10 novaler4kse kern.info kernel: platform dvb0.0: DVB: registering adapter 0 frontend 0 (DVB-S2)...
Jul 12 07:51:10 novaler4kse kern.info kernel: platform dvb0.0: DVB: registering adapter 0 frontend 1 (DVB-S2)...
Jul 12 07:51:10 novaler4kse kern.warn kernel: Mali: Mali device driver loaded
Jul 12 07:51:10 novaler4kse kern.warn kernel: tntfs: module license 'Commercial. For support email ntfs-support@tuxera.com.' taints kernel.
Jul 12 07:51:10 novaler4kse kern.warn kernel: Disabling lock debugging due to kernel taint
Jul 12 07:51:10 novaler4kse kern.info kernel: Tuxera NTFS driver 3017.7.4.6 [Flags: R/W MODULE].
Jul 12 07:51:10 novaler4kse kern.info kernel: Built against headers 4.4.35_hi3798mv2x #1 SMP Tue Dec 12 14:16:24 CST 2017 arm
Jul 12 07:51:10 novaler4kse kern.info kernel: Running on kernel 4.4.35 #1 SMP Wed Jun 29 13:36:49 UTC 2022 armv7l
Jul 12 07:51:10 novaler4kse kern.crit kernel: WARNING: Running kernel does not match configured kernel headers the driver was built with!  The driver needs to be rebuilt with the correct kernel headers!
Jul 12 07:51:10 novaler4kse kern.info kernel: SGI XFS with ACLs, security attributes, realtime, no debug enabled
Jul 12 07:51:10 novaler4kse kern.info kernel: EXT4-fs (mmcblk0p23): re-mounted. Opts: data=ordered
Jul 12 07:51:10 novaler4kse kern.warn kernel: r8188eu: module is from the staging directory, the quality is unknown, you have been warned.
Jul 12 07:51:10 novaler4kse kern.info kernel: Chip Version Info: CHIP_8188E_Normal_Chip_TSMC_UNKNOWN_CUT(10)_1T1R_RomVer(0)
Jul 12 07:51:10 novaler4kse kern.info kernel: usbcore: registered new interface driver r8188eu
Jul 12 07:51:10 novaler4kse daemon.info kernel: udevd[1414]: starting version 3.2.14
Jul 12 07:51:10 novaler4kse daemon.info kernel: udevd[1433]: starting eudev-3.2.14
Jul 12 07:51:10 novaler4kse kern.info kernel: IPv6: ADDRCONF(NETDEV_UP): eth0: link is not ready
Jul 12 07:51:10 novaler4kse kern.info kernel: hieth f9c30000.hieth eth0: Link is Up - 100Mbps/Full - flow control rx/tx
Jul 12 07:51:10 novaler4kse kern.info kernel: IPv6: ADDRCONF(NETDEV_CHANGE): eth0: link becomes ready
Jul 12 07:51:10 novaler4kse kern.info kernel: EXT4-fs (sda1): mounted filesystem with ordered data mode. Opts: (null)
Jul 12 07:51:10 novaler4kse kern.warn kernel: svc: failed to register nfsdv3 RPC service (errno 97).
Jul 12 07:51:10 novaler4kse kern.warn kernel: svc: failed to register lockdv1 RPC service (errno 97).
Jul 12 07:51:10 novaler4kse daemon.info avahi-daemon[2531]: Server startup complete. Host name is novaler4kse.local. Local service cookie is 4219198785.
Jul 12 07:51:10 novaler4kse daemon.info avahi-daemon[2531]: Service "FTP file server on novaler4kse" (/services/ftp.service) successfully established.
Jul 12 07:51:14 novaler4kse kern.warn kernel: UDF-fs: warning (device mmcblk0p1): udf_fill_super: No partition found (2)
Jul 12 07:51:14 novaler4kse user.err mount.exfat-fuse: exFAT file system is not found
Jul 12 07:51:14 novaler4kse kern.warn kernel: UDF-fs: warning (device mmcblk0p1): udf_fill_super: No partition found (2)
Jul 12 07:51:14 novaler4kse kern.info kernel: yaffs: dev is 187695105 name is "mmcblk0p1" rw
Jul 12 07:51:14 novaler4kse kern.info kernel: yaffs: passed flags ""
Jul 12 07:51:14 novaler4kse kern.debug kernel: yaffs: yaffs: Attempting MTD mount of 179.1,"mmcblk0p1"
Jul 12 07:51:14 novaler4kse kern.debug kernel: yaffs: yaffs: MTD device 1 either not valid or unavailable
Jul 12 07:51:14 novaler4kse kern.info kernel: yaffs: dev is 187695105 name is "mmcblk0p1" rw
Jul 12 07:51:14 novaler4kse kern.info kernel: yaffs: passed flags ""
Jul 12 07:51:14 novaler4kse kern.debug kernel: yaffs: yaffs: Attempting MTD mount of 179.1,"mmcblk0p1"
Jul 12 07:51:14 novaler4kse kern.debug kernel: yaffs: yaffs: MTD device 1 either not valid or unavailable
Jul 12 07:51:14 novaler4kse kern.info kernel: tntfs info (device mmcblk0p1, pid 2669): ntfs_fill_super(): fail_safe is enabled.
Jul 12 07:51:14 novaler4kse kern.warn kernel: UDF-fs: warning (device mmcblk0p3): udf_fill_super: No partition found (2)
Jul 12 07:51:14 novaler4kse user.err mount.exfat-fuse: exFAT file system is not found
Jul 12 07:51:14 novaler4kse kern.warn kernel: UDF-fs: warning (device mmcblk0p3): udf_fill_super: No partition found (2)
Jul 12 07:51:14 novaler4kse kern.info kernel: yaffs: dev is 187695107 name is "mmcblk0p3" rw
Jul 12 07:51:14 novaler4kse kern.info kernel: yaffs: passed flags ""
Jul 12 07:51:14 novaler4kse kern.debug kernel: yaffs: yaffs: Attempting MTD mount of 179.3,"mmcblk0p3"
Jul 12 07:51:14 novaler4kse kern.debug kernel: yaffs: yaffs: MTD device 3 either not valid or unavailable
Jul 12 07:51:14 novaler4kse kern.info kernel: yaffs: dev is 187695107 name is "mmcblk0p3" rw
Jul 12 07:51:14 novaler4kse kern.info kernel: yaffs: passed flags ""
Jul 12 07:51:14 novaler4kse kern.debug kernel: yaffs: yaffs: Attempting MTD mount of 179.3,"mmcblk0p3"
Jul 12 07:51:14 novaler4kse kern.debug kernel: yaffs: yaffs: MTD device 3 either not valid or unavailable
Jul 12 07:51:14 novaler4kse kern.info kernel: tntfs info (device mmcblk0p3, pid 2708): ntfs_fill_super(): fail_safe is enabled.
Jul 12 07:51:53 novaler4kse daemon.warn chronyd[2202]: Forward time jump detected!
Jul 12 07:51:58 novaler4kse daemon.info chronyd[2202]: Selected source 196.10.98.182 (pool.ntp.org)
Jul 12 07:52:12 novaler4kse authpriv.info login[2796]: pam_unix(login:session): session opened for user root(uid=0) by LOGIN(uid=0)
Jul 12 07:52:12 novaler4kse authpriv.notice login[2800]: ROOT LOGIN  on '/dev/pts/0' from '[::ffff:192.168.1.14]:41643'
Jul 12 07:52:16 novaler4kse authpriv.info crond[2805]: pam_unix(crond:session): session opened for user root(uid=0) by (uid=0)
Jul 12 07:52:16 novaler4kse authpriv.info crond[2804]: pam_unix(crond:session): session opened for user root(uid=0) by (uid=0)
Jul 12 07:52:16 novaler4kse cron.info CROND[2806]: (root) CMD (/usr/script/khaled_watcher.sh)
Jul 12 07:52:16 novaler4kse cron.info CROND[2807]: (root) CMD (/usr/script/khaled_picon_live.sh > /dev/null 2>&1)
Jul 12 07:52:16 novaler4kse cron.info CROND[2804]: (root) CMDOUT (/bin/sh: line 1: /usr/script/khaled_watcher.sh: Permission denied)
Jul 12 07:52:16 novaler4kse cron.info CROND[2804]: (root) CMDEND (/usr/script/khaled_watcher.sh)
Jul 12 07:52:16 novaler4kse authpriv.info CROND[2804]: pam_unix(crond:session): session closed for user root
Jul 12 07:52:16 novaler4kse cron.info CROND[2805]: (root) CMDEND (/usr/script/khaled_picon_live.sh > /dev/null 2>&1)
Jul 12 07:52:16 novaler4kse authpriv.info CROND[2805]: pam_unix(crond:session): session closed for user root
Jul 12 07:53:00 novaler4kse authpriv.info crond[2810]: pam_unix(crond:session): session opened for user root(uid=0) by (uid=0)
Jul 12 07:53:00 novaler4kse authpriv.info crond[2809]: pam_unix(crond:session): session opened for user root(uid=0) by (uid=0)
Jul 12 07:53:00 novaler4kse cron.info CROND[2811]: (root) CMD (/usr/script/khaled_watcher.sh)
Jul 12 07:53:00 novaler4kse cron.info CROND[2812]: (root) CMD (/usr/script/khaled_picon_live.sh > /dev/null 2>&1)
Jul 12 07:53:00 novaler4kse cron.info CROND[2809]: (root) CMDOUT (/bin/sh: line 1: /usr/script/khaled_watcher.sh: Permission denied)
Jul 12 07:53:00 novaler4kse cron.info CROND[2809]: (root) CMDEND (/usr/script/khaled_watcher.sh)
Jul 12 07:53:00 novaler4kse authpriv.info CROND[2809]: pam_unix(crond:session): session closed for user root
Jul 12 07:53:00 novaler4kse cron.info CROND[2810]: (root) CMDEND (/usr/script/khaled_picon_live.sh > /dev/null 2>&1)
Jul 12 07:53:00 novaler4kse authpriv.info CROND[2810]: pam_unix(crond:session): session closed for user root
Jul 12 07:54:00 novaler4kse authpriv.info crond[2831]: pam_unix(crond:session): session opened for user root(uid=0) by (uid=0)
Jul 12 07:54:00 novaler4kse authpriv.info crond[2832]: pam_unix(crond:session): session opened for user root(uid=0) by (uid=0)
Jul 12 07:54:00 novaler4kse cron.info CROND[2834]: (root) CMD (/usr/script/khaled_watcher.sh)
Jul 12 07:54:00 novaler4kse cron.info CROND[2833]: (root) CMD (/usr/script/khaled_picon_live.sh > /dev/null 2>&1)
Jul 12 07:54:00 novaler4kse cron.info CROND[2832]: (root) CMDEND (/usr/script/khaled_picon_live.sh > /dev/null 2>&1)
Jul 12 07:54:00 novaler4kse authpriv.info CROND[2832]: pam_unix(crond:session): session closed for user root
Jul 12 07:54:00 novaler4kse cron.info CROND[2831]: (root) CMDEND (/usr/script/khaled_watcher.sh)
Jul 12 07:54:00 novaler4kse authpriv.info CROND[2831]: pam_unix(crond:session): session closed for user root
Jul 12 07:55:00 novaler4kse authpriv.info crond[2845]: pam_unix(crond:session): session opened for user root(uid=0) by (uid=0)
Jul 12 07:55:00 novaler4kse authpriv.info crond[2844]: pam_unix(crond:session): session opened for user root(uid=0) by (uid=0)
Jul 12 07:55:00 novaler4kse cron.info CROND[2846]: (root) CMD (/usr/script/khaled_picon_live.sh > /dev/null 2>&1)
Jul 12 07:55:00 novaler4kse cron.info CROND[2847]: (root) CMD (/usr/script/khaled_watcher.sh)
Jul 12 07:55:00 novaler4kse cron.info CROND[2845]: (root) CMDEND (/usr/script/khaled_picon_live.sh > /dev/null 2>&1)
Jul 12 07:55:00 novaler4kse authpriv.info CROND[2845]: pam_unix(crond:session): session closed for user root
Jul 12 07:55:01 novaler4kse cron.info CROND[2844]: (root) CMDEND (/usr/script/khaled_watcher.sh)
Jul 12 07:55:01 novaler4kse authpriv.info CROND[2844]: pam_unix(crond:session): session closed for user root
Jul 12 07:56:00 novaler4kse authpriv.info crond[2866]: pam_unix(crond:session): session opened for user root(uid=0) by (uid=0)
Jul 12 07:56:00 novaler4kse authpriv.info crond[2867]: pam_unix(crond:session): session opened for user root(uid=0) by (uid=0)
Jul 12 07:56:00 novaler4kse cron.info CROND[2869]: (root) CMD (/usr/script/khaled_watcher.sh)
Jul 12 07:56:00 novaler4kse cron.info CROND[2868]: (root) CMD (/usr/script/khaled_picon_live.sh > /dev/null 2>&1)
Jul 12 07:56:00 novaler4kse cron.info CROND[2866]: (root) CMDOUT (/bin/sh: line 1: /usr/script/khaled_watcher.sh: Permission denied)
Jul 12 07:56:00 novaler4kse cron.info CROND[2866]: (root) CMDEND (/usr/script/khaled_watcher.sh)
Jul 12 07:56:00 novaler4kse authpriv.info CROND[2866]: pam_unix(crond:session): session closed for user root
Jul 12 07:56:00 novaler4kse cron.info CROND[2867]: (root) CMDEND (/usr/script/khaled_picon_live.sh > /dev/null 2>&1)
Jul 12 07:56:00 novaler4kse authpriv.info CROND[2867]: pam_unix(crond:session): session closed for user root
Jul 12 07:57:00 novaler4kse authpriv.info crond[2874]: pam_unix(crond:session): session opened for user root(uid=0) by (uid=0)
Jul 12 07:57:00 novaler4kse authpriv.info crond[2873]: pam_unix(crond:session): session opened for user root(uid=0) by (uid=0)
Jul 12 07:57:00 novaler4kse cron.info CROND[2875]: (root) CMD (/usr/script/khaled_picon_live.sh > /dev/null 2>&1)
Jul 12 07:57:00 novaler4kse cron.info CROND[2876]: (root) CMD (/usr/script/khaled_watcher.sh)
Jul 12 07:57:00 novaler4kse cron.info CROND[2873]: (root) CMDOUT (/bin/sh: line 1: /usr/script/khaled_watcher.sh: Permission denied)
Jul 12 07:57:00 novaler4kse cron.info CROND[2873]: (root) CMDEND (/usr/script/khaled_watcher.sh)
Jul 12 07:57:00 novaler4kse authpriv.info CROND[2873]: pam_unix(crond:session): session closed for user root
Jul 12 07:57:00 novaler4kse cron.info CROND[2874]: (root) CMDEND (/usr/script/khaled_picon_live.sh > /dev/null 2>&1)
Jul 12 07:57:00 novaler4kse authpriv.info CROND[2874]: pam_unix(crond:session): session closed for user root
Jul 12 07:57:18 novaler4kse cron.info crontab[2881]: (root) LIST (root)
Jul 12 07:57:18 novaler4kse cron.info crontab[2880]: (root) REPLACE (root)
Jul 12 07:58:00 novaler4kse cron.info crond[2526]: (root) RELOAD (/var/spool/cron/crontabs/root)
Jul 12 07:58:00 novaler4kse authpriv.info crond[2890]: pam_unix(crond:session): session opened for user root(uid=0) by (uid=0)
Jul 12 07:58:00 novaler4kse authpriv.info crond[2891]: pam_unix(crond:session): session opened for user root(uid=0) by (uid=0)
Jul 12 07:58:00 novaler4kse cron.info CROND[2892]: (root) CMD (/usr/script/khaled_watcher.sh)
Jul 12 07:58:00 novaler4kse cron.info CROND[2893]: (root) CMD (/usr/script/khaled_picon_live.sh > /dev/null 2>&1)
Jul 12 07:58:00 novaler4kse cron.info CROND[2891]: (root) CMDEND (/usr/script/khaled_picon_live.sh > /dev/null 2>&1)
Jul 12 07:58:00 novaler4kse authpriv.info CROND[2891]: pam_unix(crond:session): session closed for user root
Jul 12 07:58:00 novaler4kse cron.info CROND[2890]: (root) CMDEND (/usr/script/khaled_watcher.sh)
Jul 12 07:58:00 novaler4kse authpriv.info CROND[2890]: pam_unix(crond:session): session closed for user root
Jul 12 07:59:00 novaler4kse authpriv.info crond[2916]: pam_unix(crond:session): session opened for user root(uid=0) by (uid=0)
Jul 12 07:59:00 novaler4kse authpriv.info crond[2915]: pam_unix(crond:session): session opened for user root(uid=0) by (uid=0)
Jul 12 07:59:00 novaler4kse cron.info CROND[2917]: (root) CMD (/usr/script/khaled_picon_live.sh > /dev/null 2>&1)
Jul 12 07:59:00 novaler4kse cron.info CROND[2918]: (root) CMD (/usr/script/khaled_watcher.sh)
Jul 12 07:59:00 novaler4kse cron.info CROND[2916]: (root) CMDEND (/usr/script/khaled_picon_live.sh > /dev/null 2>&1)
Jul 12 07:59:00 novaler4kse authpriv.info CROND[2916]: pam_unix(crond:session): session closed for user root
Jul 12 07:59:00 novaler4kse cron.info CROND[2915]: (root) CMDEND (/usr/script/khaled_watcher.sh)
Jul 12 07:59:00 novaler4kse authpriv.info CROND[2915]: pam_unix(crond:session): session closed for user root
Jul 12 08:00:00 novaler4kse authpriv.info crond[2933]: pam_unix(crond:session): session opened for user root(uid=0) by (uid=0)
Jul 12 08:00:00 novaler4kse authpriv.info crond[2935]: pam_unix(crond:session): session opened for user root(uid=0) by (uid=0)
Jul 12 08:00:00 novaler4kse authpriv.info crond[2936]: pam_unix(crond:session): session opened for user root(uid=0) by (uid=0)
Jul 12 08:00:00 novaler4kse authpriv.info crond[2934]: pam_unix(crond:session): session opened for user root(uid=0) by (uid=0)
Jul 12 08:00:00 novaler4kse cron.info CROND[2938]: (root) CMD (/usr/script/khaled_picon_live.sh > /dev/null 2>&1)
Jul 12 08:00:00 novaler4kse cron.info CROND[2937]: (root) CMD (echo 3 > /proc/sys/vm/drop_caches)
Jul 12 08:00:00 novaler4kse cron.info CROND[2940]: (root) CMD (/usr/script/khaled_watcher.sh)
Jul 12 08:00:00 novaler4kse cron.info CROND[2939]: (root) CMD (/bin/sh /usr/script/TOOL-Epggrabber_auto.sh > /dev/null 2>&1)
Jul 12 08:00:00 novaler4kse cron.info CROND[2934]: (root) CMDEND (/usr/script/khaled_picon_live.sh > /dev/null 2>&1)
Jul 12 08:00:00 novaler4kse authpriv.info CROND[2934]: pam_unix(crond:session): session closed for user root
Jul 12 08:00:00 novaler4kse cron.info CROND[2933]: (root) CMDEND (/usr/script/khaled_watcher.sh)
Jul 12 08:00:00 novaler4kse kern.info kernel: sh (2937): drop_caches: 3
Jul 12 08:00:00 novaler4kse cron.info CROND[2935]: (root) CMDEND (echo 3 > /proc/sys/vm/drop_caches)
Jul 12 08:00:00 novaler4kse authpriv.info CROND[2935]: pam_unix(crond:session): session closed for user root
Jul 12 08:00:00 novaler4kse authpriv.info CROND[2933]: pam_unix(crond:session): session closed for user root
Jul 12 08:00:00 novaler4kse kern.info kernel: sh (2942): drop_caches: 3
Jul 12 08:00:10 novaler4kse kern.info kernel: sh (2942): drop_caches: 3
Jul 12 08:00:13 novaler4kse kern.info kernel: sh (2942): drop_caches: 3
Jul 12 08:00:22 novaler4kse kern.info kernel: sh (2942): drop_caches: 3
Jul 12 08:00:40 novaler4kse kern.info kernel: sh (2942): drop_caches: 3
Jul 12 08:00:45 novaler4kse kern.info kernel: sh (2942): drop_caches: 3
Jul 12 08:01:00 novaler4kse authpriv.info crond[2961]: pam_unix(crond:session): session opened for user root(uid=0) by (uid=0)
Jul 12 08:01:00 novaler4kse authpriv.info crond[2962]: pam_unix(crond:session): session opened for user root(uid=0) by (uid=0)
Jul 12 08:01:00 novaler4kse cron.info CROND[2964]: (root) CMD (/usr/script/khaled_picon_live.sh > /dev/null 2>&1)
Jul 12 08:01:00 novaler4kse cron.info CROND[2963]: (root) CMD (/usr/script/khaled_watcher.sh)
Jul 12 08:01:00 novaler4kse cron.info CROND[2962]: (root) CMDEND (/usr/script/khaled_picon_live.sh > /dev/null 2>&1)
Jul 12 08:01:00 novaler4kse authpriv.info CROND[2962]: pam_unix(crond:session): session closed for user root
Jul 12 08:01:00 novaler4kse cron.info CROND[2961]: (root) CMDEND (/usr/script/khaled_watcher.sh)
Jul 12 08:01:00 novaler4kse authpriv.info CROND[2961]: pam_unix(crond:session): session closed for user root
Jul 12 08:01:05 novaler4kse kern.info kernel: sh (2942): drop_caches: 3
Jul 12 08:01:14 novaler4kse kern.info kernel: sh (2942): drop_caches: 3
Jul 12 08:01:16 novaler4kse kern.info kernel: sh (2942): drop_caches: 3
Jul 12 08:01:19 novaler4kse kern.info kernel: sh (2942): drop_caches: 3
Jul 12 08:01:22 novaler4kse kern.info kernel: sh (2942): drop_caches: 3
Jul 12 08:01:27 novaler4kse kern.info kernel: sh (2942): drop_caches: 3
Jul 12 08:01:35 novaler4kse kern.info kernel: sh (2942): drop_caches: 3
Jul 12 08:01:43 novaler4kse kern.info kernel: sh (2942): drop_caches: 3
Jul 12 08:01:44 novaler4kse cron.info crontab[2986]: (root) LIST (root)
Jul 12 08:01:44 novaler4kse cron.info crontab[2988]: (root) REPLACE (root)
Jul 12 08:02:00 novaler4kse cron.info crond[2526]: (root) RELOAD (/var/spool/cron/crontabs/root)
Jul 12 08:02:00 novaler4kse authpriv.info crond[2991]: pam_unix(crond:session): session opened for user root(uid=0) by (uid=0)
Jul 12 08:02:00 novaler4kse cron.info CROND[2992]: (root) CMD (/usr/script/khaled_picon_live.sh > /dev/null 2>&1)
Jul 12 08:02:00 novaler4kse cron.info CROND[2991]: (root) CMDEND (/usr/script/khaled_picon_live.sh > /dev/null 2>&1)
Jul 12 08:02:00 novaler4kse authpriv.info CROND[2991]: pam_unix(crond:session): session closed for user root
Jul 12 08:02:42 novaler4kse kern.info kernel: sh (2942): drop_caches: 3
Jul 12 08:03:00 novaler4kse authpriv.info crond[2997]: pam_unix(crond:session): session opened for user root(uid=0) by (uid=0)
Jul 12 08:03:00 novaler4kse cron.info CROND[2998]: (root) CMD (/usr/script/khaled_picon_live.sh > /dev/null 2>&1)
Jul 12 08:03:00 novaler4kse cron.info CROND[2997]: (root) CMDEND (/usr/script/khaled_picon_live.sh > /dev/null 2>&1)
Jul 12 08:03:00 novaler4kse authpriv.info CROND[2997]: pam_unix(crond:session): session closed for user root
Jul 12 08:03:43 novaler4kse kern.info kernel: sh (2942): drop_caches: 3
Jul 12 08:03:45 novaler4kse kern.info kernel: sh (2942): drop_caches: 3
Jul 12 08:03:55 novaler4kse kern.info kernel: sh (2942): drop_caches: 3
Jul 12 08:03:56 novaler4kse kern.info kernel: sh (2942): drop_caches: 3
Jul 12 08:03:59 novaler4kse kern.info kernel: sh (2942): drop_caches: 3
Jul 12 08:04:00 novaler4kse authpriv.info crond[3013]: pam_unix(crond:session): session opened for user root(uid=0) by (uid=0)
Jul 12 08:04:00 novaler4kse cron.info CROND[3014]: (root) CMD (/usr/script/khaled_picon_live.sh > /dev/null 2>&1)
Jul 12 08:04:00 novaler4kse cron.info CROND[3013]: (root) CMDEND (/usr/script/khaled_picon_live.sh > /dev/null 2>&1)
Jul 12 08:04:00 novaler4kse authpriv.info CROND[3013]: pam_unix(crond:session): session closed for user root
Jul 12 08:04:01 novaler4kse kern.info kernel: sh (2942): drop_caches: 3
Jul 12 08:04:06 novaler4kse kern.info kernel: sh (2942): drop_caches: 3
Jul 12 08:04:24 novaler4kse kern.info kernel: sh (2942): drop_caches: 3
Jul 12 08:04:28 novaler4kse kern.info kernel: sh (2942): drop_caches: 3
Jul 12 08:05:00 novaler4kse authpriv.info crond[3024]: pam_unix(crond:session): session opened for user root(uid=0) by (uid=0)
Jul 12 08:05:00 novaler4kse cron.info CROND[3025]: (root) CMD (/usr/script/khaled_picon_live.sh > /dev/null 2>&1)
Jul 12 08:05:00 novaler4kse cron.info CROND[3024]: (root) CMDEND (/usr/script/khaled_picon_live.sh > /dev/null 2>&1)
Jul 12 08:05:00 novaler4kse authpriv.info CROND[3024]: pam_unix(crond:session): session closed for user root
Jul 12 08:05:48 novaler4kse cron.info crontab[3043]: (root) LIST (root)
Jul 12 08:05:48 novaler4kse cron.info crontab[3042]: (root) REPLACE (root)
Jul 12 08:05:51 novaler4kse kern.info kernel: sh (2942): drop_caches: 3
Jul 12 08:05:53 novaler4kse kern.info kernel: sh (2942): drop_caches: 3
Jul 12 08:05:57 novaler4kse kern.info kernel: sh (2942): drop_caches: 3
Jul 12 08:06:00 novaler4kse kern.info kernel: sh (2942): drop_caches: 3
Jul 12 08:06:00 novaler4kse cron.info crond[2526]: (root) RELOAD (/var/spool/cron/crontabs/root)
Jul 12 08:06:00 novaler4kse authpriv.info crond[3053]: pam_unix(crond:session): session opened for user root(uid=0) by (uid=0)
Jul 12 08:06:00 novaler4kse authpriv.info crond[3054]: pam_unix(crond:session): session opened for user root(uid=0) by (uid=0)
Jul 12 08:06:00 novaler4kse cron.info CROND[3056]: (root) CMD (/usr/script/khaled_watcher.sh)
Jul 12 08:06:00 novaler4kse cron.info CROND[3055]: (root) CMD (/usr/script/khaled_picon_live.sh > /dev/null 2>&1)
Jul 12 08:06:00 novaler4kse cron.info CROND[3054]: (root) CMDEND (/usr/script/khaled_picon_live.sh > /dev/null 2>&1)
Jul 12 08:06:00 novaler4kse authpriv.info CROND[3054]: pam_unix(crond:session): session closed for user root
Jul 12 08:06:00 novaler4kse cron.info CROND[3053]: (root) CMDEND (/usr/script/khaled_watcher.sh)
Jul 12 08:06:00 novaler4kse authpriv.info CROND[3053]: pam_unix(crond:session): session closed for user root
Jul 12 08:06:03 novaler4kse kern.info kernel: sh (2942): drop_caches: 3
Jul 12 08:06:38 novaler4kse kern.info kernel: sh (2942): drop_caches: 3
Jul 12 08:06:50 novaler4kse kern.warn kernel: UDF-fs: warning (device mmcblk0p1): udf_fill_super: No partition found (2)
Jul 12 08:06:50 novaler4kse user.err mount.exfat-fuse: exFAT file system is not found
Jul 12 08:06:50 novaler4kse kern.warn kernel: UDF-fs: warning (device mmcblk0p1): udf_fill_super: No partition found (2)
Jul 12 08:06:50 novaler4kse kern.info kernel: yaffs: dev is 187695105 name is "mmcblk0p1" rw
Jul 12 08:06:50 novaler4kse kern.info kernel: yaffs: passed flags ""
Jul 12 08:06:50 novaler4kse kern.debug kernel: yaffs: yaffs: Attempting MTD mount of 179.1,"mmcblk0p1"
Jul 12 08:06:50 novaler4kse kern.debug kernel: yaffs: yaffs: MTD device 1 either not valid or unavailable
Jul 12 08:06:50 novaler4kse kern.info kernel: yaffs: dev is 187695105 name is "mmcblk0p1" rw
Jul 12 08:06:50 novaler4kse kern.info kernel: yaffs: passed flags ""
Jul 12 08:06:50 novaler4kse kern.debug kernel: yaffs: yaffs: Attempting MTD mount of 179.1,"mmcblk0p1"
